../Core/Src/SensorDriver/BMI088/bmi088.c:21:13:BMI088_EnableSPI	16	static
../Core/Src/SensorDriver/BMI088/bmi088.c:28:24:BMI088_Reset	16	static
../Core/Src/SensorDriver/BMI088/bmi088.c:44:24:BMI088_CheckChip	16	static
../Core/Src/SensorDriver/BMI088/bmi088.c:56:24:BMI088_ConfigAccel	16	static
../Core/Src/SensorDriver/BMI088/bmi088.c:69:24:BMI088_ConfigGyro	16	static
../Core/Src/SensorDriver/BMI088/bmi088.c:81:24:BMI088_ConfigAccelInterrupt	16	static
../Core/Src/SensorDriver/BMI088/bmi088.c:93:24:BMI088_ConfigGyroInterrupt	16	static
../Core/Src/SensorDriver/BMI088/bmi088.c:108:17:BMI088_Init	16	static
../Core/Src/SensorDriver/BMI088/bmi088.c:136:17:BMI088_ReadGyro	8	static
../Core/Src/SensorDriver/BMI088/bmi088.c:156:6:BMI088_ParseGyro	4	static
../Core/Src/SensorDriver/BMI088/bmi088.c:162:17:BMI088_ReadAccel	8	static
../Core/Src/SensorDriver/BMI088/bmi088.c:182:6:BMI088_ParseAccel	4	static
../Core/Src/SensorDriver/BMI088/bmi088.c:188:6:BMI088_ParseData	8	static
../Core/Src/SensorDriver/BMI088/bmi088.c:193:6:BMI088_Convert	4	static
