Archive member included to satisfy reference by file (symbol)

C:/ST/STM32CubeIDE_1.19.0/STM32CubeIDE/plugins/com.st.stm32cube.ide.mcu.externaltools.gnu-tools-for-stm32.13.3.rel1.win32_1.0.0.202411081344/tools/bin/../lib/gcc/arm-none-eabi/13.3.1/../../../../arm-none-eabi/lib/thumb/v7e-m+fp/hard\libc_nano.a(libc_a-exit.o)
                              C:/ST/STM32CubeIDE_1.19.0/STM32CubeIDE/plugins/com.st.stm32cube.ide.mcu.externaltools.gnu-tools-for-stm32.13.3.rel1.win32_1.0.0.202411081344/tools/bin/../lib/gcc/arm-none-eabi/13.3.1/../../../../arm-none-eabi/lib/thumb/v7e-m+fp/hard/crt0.o (exit)
C:/ST/STM32CubeIDE_1.19.0/STM32CubeIDE/plugins/com.st.stm32cube.ide.mcu.externaltools.gnu-tools-for-stm32.13.3.rel1.win32_1.0.0.202411081344/tools/bin/../lib/gcc/arm-none-eabi/13.3.1/../../../../arm-none-eabi/lib/thumb/v7e-m+fp/hard\libc_nano.a(libc_a-nano-vfprintf_float.o)
                              (_printf_float)
C:/ST/STM32CubeIDE_1.19.0/STM32CubeIDE/plugins/com.st.stm32cube.ide.mcu.externaltools.gnu-tools-for-stm32.13.3.rel1.win32_1.0.0.202411081344/tools/bin/../lib/gcc/arm-none-eabi/13.3.1/../../../../arm-none-eabi/lib/thumb/v7e-m+fp/hard\libc_nano.a(libc_a-nano-vfprintf_i.o)
                              C:/ST/STM32CubeIDE_1.19.0/STM32CubeIDE/plugins/com.st.stm32cube.ide.mcu.externaltools.gnu-tools-for-stm32.13.3.rel1.win32_1.0.0.202411081344/tools/bin/../lib/gcc/arm-none-eabi/13.3.1/../../../../arm-none-eabi/lib/thumb/v7e-m+fp/hard\libc_nano.a(libc_a-nano-vfprintf_float.o) (_printf_common)
C:/ST/STM32CubeIDE_1.19.0/STM32CubeIDE/plugins/com.st.stm32cube.ide.mcu.externaltools.gnu-tools-for-stm32.13.3.rel1.win32_1.0.0.202411081344/tools/bin/../lib/gcc/arm-none-eabi/13.3.1/../../../../arm-none-eabi/lib/thumb/v7e-m+fp/hard\libc_nano.a(libc_a-findfp.o)
                              C:/ST/STM32CubeIDE_1.19.0/STM32CubeIDE/plugins/com.st.stm32cube.ide.mcu.externaltools.gnu-tools-for-stm32.13.3.rel1.win32_1.0.0.202411081344/tools/bin/../lib/gcc/arm-none-eabi/13.3.1/../../../../arm-none-eabi/lib/thumb/v7e-m+fp/hard\libc_nano.a(libc_a-exit.o) (__stdio_exit_handler)
C:/ST/STM32CubeIDE_1.19.0/STM32CubeIDE/plugins/com.st.stm32cube.ide.mcu.externaltools.gnu-tools-for-stm32.13.3.rel1.win32_1.0.0.202411081344/tools/bin/../lib/gcc/arm-none-eabi/13.3.1/../../../../arm-none-eabi/lib/thumb/v7e-m+fp/hard\libc_nano.a(libc_a-fwalk.o)
                              C:/ST/STM32CubeIDE_1.19.0/STM32CubeIDE/plugins/com.st.stm32cube.ide.mcu.externaltools.gnu-tools-for-stm32.13.3.rel1.win32_1.0.0.202411081344/tools/bin/../lib/gcc/arm-none-eabi/13.3.1/../../../../arm-none-eabi/lib/thumb/v7e-m+fp/hard\libc_nano.a(libc_a-findfp.o) (_fwalk_sglue)
C:/ST/STM32CubeIDE_1.19.0/STM32CubeIDE/plugins/com.st.stm32cube.ide.mcu.externaltools.gnu-tools-for-stm32.13.3.rel1.win32_1.0.0.202411081344/tools/bin/../lib/gcc/arm-none-eabi/13.3.1/../../../../arm-none-eabi/lib/thumb/v7e-m+fp/hard\libc_nano.a(libc_a-snprintf.o)
                              ./Core/Src/ControllerTask/rate_controller_task.o (snprintf)
C:/ST/STM32CubeIDE_1.19.0/STM32CubeIDE/plugins/com.st.stm32cube.ide.mcu.externaltools.gnu-tools-for-stm32.13.3.rel1.win32_1.0.0.202411081344/tools/bin/../lib/gcc/arm-none-eabi/13.3.1/../../../../arm-none-eabi/lib/thumb/v7e-m+fp/hard\libc_nano.a(libc_a-stdio.o)
                              C:/ST/STM32CubeIDE_1.19.0/STM32CubeIDE/plugins/com.st.stm32cube.ide.mcu.externaltools.gnu-tools-for-stm32.13.3.rel1.win32_1.0.0.202411081344/tools/bin/../lib/gcc/arm-none-eabi/13.3.1/../../../../arm-none-eabi/lib/thumb/v7e-m+fp/hard\libc_nano.a(libc_a-findfp.o) (__sread)
C:/ST/STM32CubeIDE_1.19.0/STM32CubeIDE/plugins/com.st.stm32cube.ide.mcu.externaltools.gnu-tools-for-stm32.13.3.rel1.win32_1.0.0.202411081344/tools/bin/../lib/gcc/arm-none-eabi/13.3.1/../../../../arm-none-eabi/lib/thumb/v7e-m+fp/hard\libc_nano.a(libc_a-memset.o)
                              C:/ST/STM32CubeIDE_1.19.0/STM32CubeIDE/plugins/com.st.stm32cube.ide.mcu.externaltools.gnu-tools-for-stm32.13.3.rel1.win32_1.0.0.202411081344/tools/bin/../lib/gcc/arm-none-eabi/13.3.1/../../../../arm-none-eabi/lib/thumb/v7e-m+fp/hard/crt0.o (memset)
C:/ST/STM32CubeIDE_1.19.0/STM32CubeIDE/plugins/com.st.stm32cube.ide.mcu.externaltools.gnu-tools-for-stm32.13.3.rel1.win32_1.0.0.202411081344/tools/bin/../lib/gcc/arm-none-eabi/13.3.1/../../../../arm-none-eabi/lib/thumb/v7e-m+fp/hard\libc_nano.a(libc_a-localeconv.o)
                              C:/ST/STM32CubeIDE_1.19.0/STM32CubeIDE/plugins/com.st.stm32cube.ide.mcu.externaltools.gnu-tools-for-stm32.13.3.rel1.win32_1.0.0.202411081344/tools/bin/../lib/gcc/arm-none-eabi/13.3.1/../../../../arm-none-eabi/lib/thumb/v7e-m+fp/hard\libc_nano.a(libc_a-nano-vfprintf_float.o) (_localeconv_r)
C:/ST/STM32CubeIDE_1.19.0/STM32CubeIDE/plugins/com.st.stm32cube.ide.mcu.externaltools.gnu-tools-for-stm32.13.3.rel1.win32_1.0.0.202411081344/tools/bin/../lib/gcc/arm-none-eabi/13.3.1/../../../../arm-none-eabi/lib/thumb/v7e-m+fp/hard\libc_nano.a(libc_a-closer.o)
[...]
Memory Configuration

Name             Origin             Length             Attributes
RAM              0x20000000         0x00020000         xrw
FLASH            0x08000000         0x00080000         xr
*default*        0x00000000         0xffffffff

Linker script and memory map

LOAD C:/ST/STM32CubeIDE_1.19.0/STM32CubeIDE/plugins/com.st.stm32cube.ide.mcu.externaltools.gnu-tools-for-stm32.13.3.rel1.win32_1.0.0.202411081344/tools/bin/../lib/gcc/arm-none-eabi/13.3.1/thumb/v7e-m+fp/hard/crti.o
LOAD C:/ST/STM32CubeIDE_1.19.0/STM32CubeIDE/plugins/com.st.stm32cube.ide.mcu.externaltools.gnu-tools-for-stm32.13.3.rel1.win32_1.0.0.202411081344/tools/bin/../lib/gcc/arm-none-eabi/13.3.1/thumb/v7e-m+fp/hard/crtbegin.o
LOAD C:/ST/STM32CubeIDE_1.19.0/STM32CubeIDE/plugins/com.st.stm32cube.ide.mcu.externaltools.gnu-tools-for-stm32.13.3.rel1.win32_1.0.0.202411081344/tools/bin/../lib/gcc/arm-none-eabi/13.3.1/../../../../arm-none-eabi/lib/thumb/v7e-m+fp/hard/crt0.o
LOAD ./Core/Src/Actuator/Actuator.o
LOAD ./Core/Src/ControllerTask/attitude_controller_task.o
LOAD ./Core/Src/ControllerTask/rate_controller_task.o
LOAD ./Core/Src/EstimatorTask/attitude_estimator_task.o
LOAD ./Core/Src/Filter/lpf.o
LOAD ./Core/Src/Filter/mahony.o
LOAD ./Core/Src/Filter/pid.o
LOAD ./Core/Src/SensorDriver/BMI088/bmi088.o
LOAD ./Core/Src/SensorDriver/BMI088/bmi088_port.o
LOAD ./Core/Src/SensorDriver/BMI088/bmi088_task.o
LOAD ./Core/Src/SensorDriver/QMC5883/qmc5883.o
LOAD ./Core/Src/SensorDriver/QMC5883/qmc5883_task.o
LOAD ./Core/Src/State/arm.o
LOAD ./Core/Src/Topic/attitude_setpoint_topic.o
LOAD ./Core/Src/Topic/attitude_topic.o
LOAD ./Core/Src/Topic/imu_topic.o
LOAD ./Core/Src/Topic/mag_topic.o
LOAD ./Core/Src/Topic/mutex_topic.o
LOAD ./Core/Src/Topic/rate_setpoint_topic.o
LOAD ./Core/Src/Topic/topic.o
LOAD ./Core/Src/app.o
LOAD ./Core/Src/dma.o
LOAD ./Core/Src/gpio.o
LOAD ./Core/Src/i2c.o
LOAD ./Core/Src/main.o
LOAD ./Core/Src/spi.o
LOAD ./Core/Src/stm32f4xx_hal_msp.o
LOAD ./Core/Src/stm32f4xx_hal_timebase_tim.o
LOAD ./Core/Src/stm32f4xx_it.o
LOAD ./Core/Src/syscalls.o
LOAD ./Core/Src/sysmem.o
LOAD ./Core/Src/system_stm32f4xx.o
LOAD ./Core/Src/tim.o
LOAD ./Core/Src/usart.o
LOAD ./Core/Startup/startup_stm32f411ceux.o
LOAD ./Drivers/STM32F4xx_HAL_Driver/Src/stm32f4xx_hal.o
LOAD ./Drivers/STM32F4xx_HAL_Driver/Src/stm32f4xx_hal_cortex.o
LOAD ./Drivers/STM32F4xx_HAL_Driver/Src/stm32f4xx_hal_dma.o
LOAD ./Drivers/STM32F4xx_HAL_Driver/Src/stm32f4xx_hal_dma_ex.o
LOAD ./Drivers/STM32F4xx_HAL_Driver/Src/stm32f4xx_hal_exti.o
LOAD ./Drivers/STM32F4xx_HAL_Driver/Src/stm32f4xx_hal_flash.o
LOAD ./Drivers/STM32F4xx_HAL_Driver/Src/stm32f4xx_hal_flash_ex.o
LOAD ./Drivers/STM32F4xx_HAL_Driver/Src/stm32f4xx_hal_flash_ramfunc.o
LOAD ./Drivers/STM32F4xx_HAL_Driver/Src/stm32f4xx_hal_gpio.o
LOAD ./Drivers/STM32F4xx_HAL_Driver/Src/stm32f4xx_hal_i2c.o
LOAD ./Drivers/STM32F4xx_HAL_Driver/Src/stm32f4xx_hal_i2c_ex.o
LOAD ./Drivers/STM32F4xx_HAL_Driver/Src/stm32f4xx_hal_pwr.o
LOAD ./Drivers/STM32F4xx_HAL_Driver/Src/stm32f4xx_hal_pwr_ex.o
LOAD ./Drivers/STM32F4xx_HAL_Driver/Src/stm32f4xx_hal_rcc.o
LOAD ./Drivers/STM32F4xx_HAL_Driver/Src/stm32f4xx_hal_rcc_ex.o
LOAD ./Drivers/STM32F4xx_HAL_Driver/Src/stm32f4xx_hal_spi.o
LOAD ./Drivers/STM32F4xx_HAL_Driver/Src/stm32f4xx_hal_tim.o
LOAD ./Drivers/STM32F4xx_HAL_Driver/Src/stm32f4xx_hal_tim_ex.o
LOAD ./Drivers/STM32F4xx_HAL_Driver/Src/stm32f4xx_hal_uart.o
LOAD ./ThirdParty/FreeRTOS/croutine.o
LOAD ./ThirdParty/FreeRTOS/event_groups.o
LOAD ./ThirdParty/FreeRTOS/list.o
LOAD ./ThirdParty/FreeRTOS/queue.o
LOAD ./ThirdParty/FreeRTOS/stream_buffer.o
LOAD ./ThirdParty/FreeRTOS/tasks.o
LOAD ./ThirdParty/FreeRTOS/timers.o
LOAD ./ThirdParty/FreeRTOS/portable/GCC/ARM_CM4F/port.o
LOAD ./ThirdParty/FreeRTOS/portable/MemMang/heap_4.o
START GROUP
LOAD C:/ST/STM32CubeIDE_1.19.0/STM32CubeIDE/plugins/com.st.stm32cube.ide.mcu.externaltools.gnu-tools-for-stm32.13.3.rel1.win32_1.0.0.202411081344/tools/bin/../lib/gcc/arm-none-eabi/13.3.1/../../../../arm-none-eabi/lib/thumb/v7e-m+fp/hard\libc_nano.a
LOAD C:/ST/STM32CubeIDE_1.19.0/STM32CubeIDE/plugins/com.st.stm32cube.ide.mcu.externaltools.gnu-tools-for-stm32.13.3.rel1.win32_1.0.0.202411081344/tools/bin/../lib/gcc/arm-none-eabi/13.3.1/../../../../arm-none-eabi/lib/thumb/v7e-m+fp/hard\libm.a
END GROUP
START GROUP
LOAD C:/ST/STM32CubeIDE_1.19.0/STM32CubeIDE/plugins/com.st.stm32cube.ide.mcu.externaltools.gnu-tools-for-stm32.13.3.rel1.win32_1.0.0.202411081344/tools/bin/../lib/gcc/arm-none-eabi/13.3.1/thumb/v7e-m+fp/hard\libgcc.a
LOAD C:/ST/STM32CubeIDE_1.19.0/STM32CubeIDE/plugins/com.st.stm32cube.ide.mcu.externaltools.gnu-tools-for-stm32.13.3.rel1.win32_1.0.0.202411081344/tools/bin/../lib/gcc/arm-none-eabi/13.3.1/../../../../arm-none-eabi/lib/thumb/v7e-m+fp/hard\libc_nano.a
END GROUP
START GROUP
LOAD C:/ST/STM32CubeIDE_1.19.0/STM32CubeIDE/plugins/com.st.stm32cube.ide.mcu.externaltools.gnu-tools-for-stm32.13.3.rel1.win32_1.0.0.202411081344/tools/bin/../lib/gcc/arm-none-eabi/13.3.1/thumb/v7e-m+fp/hard\libgcc.a
LOAD C:/ST/STM32CubeIDE_1.19.0/STM32CubeIDE/plugins/com.st.stm32cube.ide.mcu.externaltools.gnu-tools-for-stm32.13.3.rel1.win32_1.0.0.202411081344/tools/bin/../lib/gcc/arm-none-eabi/13.3.1/../../../../arm-none-eabi/lib/thumb/v7e-m+fp/hard\libc_nano.a
LOAD C:/ST/STM32CubeIDE_1.19.0/STM32CubeIDE/plugins/com.st.stm32cube.ide.mcu.externaltools.gnu-tools-for-stm32.13.3.rel1.win32_1.0.0.202411081344/tools/bin/../lib/gcc/arm-none-eabi/13.3.1/../../../../arm-none-eabi/lib/thumb/v7e-m+fp/hard\libnosys.a
END GROUP
START GROUP
LOAD C:/ST/STM32CubeIDE_1.19.0/STM32CubeIDE/plugins/com.st.stm32cube.ide.mcu.externaltools.gnu-tools-for-stm32.13.3.rel1.win32_1.0.0.202411081344/tools/bin/../lib/gcc/arm-none-eabi/13.3.1/thumb/v7e-m+fp/hard\libgcc.a
LOAD C:/ST/STM32CubeIDE_1.19.0/STM32CubeIDE/plugins/com.st.stm32cube.ide.mcu.externaltools.gnu-tools-for-stm32.13.3.rel1.win32_1.0.0.202411081344/tools/bin/../lib/gcc/arm-none-eabi/13.3.1/../../../../arm-none-eabi/lib/thumb/v7e-m+fp/hard\libc_nano.a
LOAD C:/ST/STM32CubeIDE_1.19.0/STM32CubeIDE/plugins/com.st.stm32cube.ide.mcu.externaltools.gnu-tools-for-stm32.13.3.rel1.win32_1.0.0.202411081344/tools/bin/../lib/gcc/arm-none-eabi/13.3.1/../../../../arm-none-eabi/lib/thumb/v7e-m+fp/hard\libnosys.a
END GROUP
LOAD C:/ST/STM32CubeIDE_1.19.0/STM32CubeIDE/plugins/com.st.stm32cube.ide.mcu.externaltools.gnu-tools-for-stm32.13.3.rel1.win32_1.0.0.202411081344/tools/bin/../lib/gcc/arm-none-eabi/13.3.1/thumb/v7e-m+fp/hard/crtend.o
LOAD C:/ST/STM32CubeIDE_1.19.0/STM32CubeIDE/plugins/com.st.stm32cube.ide.mcu.externaltools.gnu-tools-for-stm32.13.3.rel1.win32_1.0.0.202411081344/tools/bin/../lib/gcc/arm-none-eabi/13.3.1/thumb/v7e-m+fp/hard/crtn.o
                0x20020000                        _estack = (ORIGIN (RAM) + LENGTH (RAM))
                0x00000200                        _Min_Heap_Size = 0x200
                0x00000400                        _Min_Stack_Size = 0x400

.isr_vector     0x08000000      0x198
                0x08000000                        . = ALIGN (0x4)
 *(.isr_vector)
 .isr_vector    0x08000000      0x198 ./Core/Startup/startup_stm32f411ceux.o
                0x08000000                g_pfnVectors
                0x08000198                        . = ALIGN (0x4)

.text           0x080001a0     0xfe98
                0x080001a0                        . = ALIGN (0x4)
 *(.text)
 .text          0x080001a0       0x40 C:/ST/STM32CubeIDE_1.19.0/STM32CubeIDE/plugins/com.st.stm32cube.ide.mcu.externaltools.gnu-tools-for-stm32.13.3.rel1.win32_1.0.0.202411081344/tools/bin/../lib/gcc/arm-none-eabi/13.3.1/thumb/v7e-m+fp/hard/crtbegin.o
 .text          0x080001e0       0xa0 C:/ST/STM32CubeIDE_1.19.0/STM32CubeIDE/plugins/com.st.stm32cube.ide.mcu.externaltools.gnu-tools-for-stm32.13.3.rel1.win32_1.0.0.202411081344/tools/bin/../lib/gcc/arm-none-eabi/13.3.1/../../../../arm-none-eabi/lib/thumb/v7e-m+fp/hard\libc_nano.a(libc_a-memchr.o)
                0x080001e0                memchr
 .text          0x08000280       0x10 C:/ST/STM32CubeIDE_1.19.0/STM32CubeIDE/plugins/com.st.stm32cube.ide.mcu.externaltools.gnu-tools-for-stm32.13.3.rel1.win32_1.0.0.202411081344/tools/bin/../lib/gcc/arm-none-eabi/13.3.1/../../../../arm-none-eabi/lib/thumb/v7e-m+fp/hard\libc_nano.a(libc_a-strlen.o)
                0x08000280                strlen
 .text          0x08000290      0x378 C:/ST/STM32CubeIDE_1.19.0/STM32CubeIDE/plugins/com.st.stm32cube.ide.mcu.externaltools.gnu-tools-for-stm32.13.3.rel1.win32_1.0.0.202411081344/tools/bin/../lib/gcc/arm-none-eabi/13.3.1/thumb/v7e-m+fp/hard\libgcc.a(_arm_addsubdf3.o)
                0x08000290                __aeabi_drsub
                0x08000298                __aeabi_dsub
                0x08000298                __subdf3
                0x0800029c                __aeabi_dadd
                0x0800029c                __adddf3
                0x08000514                __floatunsidf
                0x08000514                __aeabi_ui2d
                0x08000534                __floatsidf
                0x08000534                __aeabi_i2d
                0x08000558                __aeabi_f2d
                0x08000558                __extendsfdf2
                0x0800059c                __floatundidf
                0x0800059c                __aeabi_ul2d
                0x080005ac                __floatdidf
                0x080005ac                __aeabi_l2d
 .text          0x08000608      0x424 C:/ST/STM32CubeIDE_1.19.0/STM32CubeIDE/plugins/com.st.stm32cube.ide.mcu.externaltools.gnu-tools-for-stm32.13.3.rel1.win32_1.0.0.202411081344/tools/bin/../lib/gcc/arm-none-eabi/13.3.1/thumb/v7e-m+fp/hard\libgcc.a(_arm_muldivdf3.o)
                0x08000608                __aeabi_dmul
                0x08000608                __muldf3
                0x0800085c                __divdf3
                0x0800085c                __aeabi_ddiv
 .text          0x08000a2c      0x110 C:/ST/STM32CubeIDE_1.19.0/STM32CubeIDE/plugins/com.st.stm32cube.ide.mcu.externaltools.gnu-tools-for-stm32.13.3.rel1.win32_1.0.0.202411081344/tools/bin/../lib/gcc/arm-none-eabi/13.3.1/thumb/v7e-m+fp/hard\libgcc.a(_arm_cmpdf2.o)
                0x08000a2c                __gtdf2
                0x08000a2c                __gedf2
                0x08000a34                __ltdf2
                0x08000a34                __ledf2
                0x08000a3c                __nedf2
                0x08000a3c                __eqdf2
                0x08000a3c                __cmpdf2
                0x08000ab8                __aeabi_cdrcmple
                0x08000ac8                __aeabi_cdcmpeq
                0x08000ac8                __aeabi_cdcmple
                0x08000ad8                __aeabi_dcmpeq
                0x08000aec                __aeabi_dcmplt
                0x08000b00                __aeabi_dcmple
                0x08000b14                __aeabi_dcmpge
                0x08000b28                __aeabi_dcmpgt
 .text          0x08000b3c       0x2c C:/ST/STM32CubeIDE_1.19.0/STM32CubeIDE/plugins/com.st.stm32cube.ide.mcu.externaltools.gnu-tools-for-stm32.13.3.rel1.win32_1.0.0.202411081344/tools/bin/../lib/gcc/arm-none-eabi/13.3.1/thumb/v7e-m+fp/hard\libgcc.a(_arm_unorddf2.o)
                0x08000b3c                __unorddf2
                0x08000b3c                __aeabi_dcmpun
 .text          0x08000b68       0x50 C:/ST/STM32CubeIDE_1.19.0/STM32CubeIDE/plugins/com.st.stm32cube.ide.mcu.externaltools.gnu-tools-for-stm32.13.3.rel1.win32_1.0.0.202411081344/tools/bin/../lib/gcc/arm-none-eabi/13.3.1/thumb/v7e-m+fp/hard\libgcc.a(_arm_fixdfsi.o)
                0x08000b68                __aeabi_d2iz
                0x08000b68                __fixdfsi
 .text          0x08000bb8       0x30 C:/ST/STM32CubeIDE_1.19.0/STM32CubeIDE/plugins/com.st.stm32cube.ide.mcu.externaltools.gnu-tools-for-stm32.13.3.rel1.win32_1.0.0.202411081344/tools/bin/../lib/gcc/arm-none-eabi/13.3.1/thumb/v7e-m+fp/hard\libgcc.a(_aeabi_uldivmod.o)
                0x08000bb8                __aeabi_uldivmod
 .text          0x08000be8      0x2f8 C:/ST/STM32CubeIDE_1.19.0/STM32CubeIDE/plugins/com.st.stm32cube.ide.mcu.externaltools.gnu-tools-for-stm32.13.3.rel1.win32_1.0.0.202411081344/tools/bin/../lib/gcc/arm-none-eabi/13.3.1/thumb/v7e-m+fp/hard\libgcc.a(_udivmoddi4.o)
                0x08000be8                __udivmoddi4
 .text          0x08000ee0        0x4 C:/ST/STM32CubeIDE_1.19.0/STM32CubeIDE/plugins/com.st.stm32cube.ide.mcu.externaltools.gnu-tools-for-stm32.13.3.rel1.win32_1.0.0.202411081344/tools/bin/../lib/gcc/arm-none-eabi/13.3.1/thumb/v7e-m+fp/hard\libgcc.a(_dvmd_tls.o)
                0x08000ee0                __aeabi_idiv0
                0x08000ee0                __aeabi_ldiv0
 *(.text*)
 .text.clampf   0x08000ee4       0x52 ./Core/Src/Actuator/Actuator.o
 *fill*         0x08000f36        0x2 
 .text.motor_write
                0x08000f38       0xac ./Core/Src/Actuator/Actuator.o
 .text.MotorOutput_Init
                0x08000fe4       0x4c ./Core/Src/Actuator/Actuator.o
                0x08000fe4                MotorOutput_Init
 .text.MotorOutput_Update
                0x08001030      0x260 ./Core/Src/Actuator/Actuator.o
                0x08001030                MotorOutput_Update
 .text.AttitudeController_SetTaskHandle
                0x08001290       0x20 ./Core/Src/ControllerTask/attitude_controller_task.o
                0x08001290                AttitudeController_SetTaskHandle
 .text.AttitudeControllerTask
                0x080012b0      0x1e0 ./Core/Src/ControllerTask/attitude_controller_task.o
                0x080012b0                AttitudeControllerTask
 .text.RateController_SetTaskHandle
                0x08001490       0x20 ./Core/Src/ControllerTask/rate_controller_task.o
                0x08001490                RateController_SetTaskHandle
 .text.RateController_Idle
                0x080014b0       0x5c ./Core/Src/ControllerTask/rate_controller_task.o
 .text.RateControllerTask
                0x0800150c      0x1c4 ./Core/Src/ControllerTask/rate_controller_task.o
                0x0800150c                RateControllerTask
 .text.BMI088_PrintAttitude
                0x080016d0       0xa8 ./Core/Src/EstimatorTask/attitude_estimator_task.o
                0x080016d0                BMI088_PrintAttitude
 .text.AttitudeEstimator_SetTaskHandle
                0x08001778       0x20 ./Core/Src/EstimatorTask/attitude_estimator_task.o
                0x08001778                AttitudeEstimator_SetTaskHandle
 .text.AttitudeEstimatorTask
                0x08001798      0x154 ./Core/Src/EstimatorTask/attitude_estimator_task.o
                0x08001798                AttitudeEstimatorTask
 .text.LPF_Init
                0x080018ec       0x2c ./Core/Src/Filter/lpf.o
                0x080018ec                LPF_Init
 .text.LPF_Update
                0x08001918       0xb0 ./Core/Src/Filter/lpf.o
                0x08001918                LPF_Update
 .text.mahony_clamp
                0x080019c8       0x58 ./Core/Src/Filter/mahony.o
 .text.normalize3
                0x08001a20       0xc0 ./Core/Src/Filter/mahony.o
 .text.Mahony_Init
                0x08001ae0       0x78 ./Core/Src/Filter/mahony.o
                0x08001ae0                Mahony_Init
 .text.Mahony_Update
                0x08001b58      0x8d8 ./Core/Src/Filter/mahony.o
                0x08001b58                Mahony_Update
 .text.Mahony_GetQuaternion
                0x08002430       0x3c ./Core/Src/Filter/mahony.o
                0x08002430                Mahony_GetQuaternion
 .text.Mahony_GetEuler
                0x0800246c      0x144 ./Core/Src/Filter/mahony.o
                0x0800246c                Mahony_GetEuler
 .text.Mahony_GetRate
                0x080025b0       0x32 ./Core/Src/Filter/mahony.o
                0x080025b0                Mahony_GetRate
 .text.pid_clamp
                0x080025e2       0x52 ./Core/Src/Filter/pid.o
 .text.PID_Init
                0x08002634       0x52 ./Core/Src/Filter/pid.o
                0x08002634                PID_Init
 .text.PID_Reset
                0x08002686       0x3c ./Core/Src/Filter/pid.o
                0x08002686                PID_Reset
 *fill*         0x080026c2        0x2 
 .text.PID_Update
                0x080026c4      0x2a0 ./Core/Src/Filter/pid.o
                0x080026c4                PID_Update
 .text.BMI088_EnableSPI
                0x08002964       0x1e ./Core/Src/SensorDriver/BMI088/bmi088.o
 .text.BMI088_PowerUpAccel
                0x08002982       0x48 ./Core/Src/SensorDriver/BMI088/bmi088.o
 .text.BMI088_Reset
                0x080029ca       0x48 ./Core/Src/SensorDriver/BMI088/bmi088.o
 .text.BMI088_CheckChip
                0x08002a12       0x38 ./Core/Src/SensorDriver/BMI088/bmi088.o
 .text.BMI088_ConfigAccel
                0x08002a4a       0x48 ./Core/Src/SensorDriver/BMI088/bmi088.o
 .text.BMI088_ConfigGyro
                0x08002a92       0x48 ./Core/Src/SensorDriver/BMI088/bmi088.o
 .text.BMI088_ConfigAccelInterrupt
                0x08002ada       0x48 ./Core/Src/SensorDriver/BMI088/bmi088.o
 .text.BMI088_ConfigGyroInterrupt
                0x08002b22       0x64 ./Core/Src/SensorDriver/BMI088/bmi088.o
 .text.BMI088_Init
                0x08002b86       0x96 ./Core/Src/SensorDriver/BMI088/bmi088.o
                0x08002b86                BMI088_Init
 .text.BMI088_ReadGyro
                0x08002c1c       0x6c ./Core/Src/SensorDriver/BMI088/bmi088.o
                0x08002c1c                BMI088_ReadGyro
 .text.BMI088_ParseGyro
                0x08002c88       0x60 ./Core/Src/SensorDriver/BMI088/bmi088.o
                0x08002c88                BMI088_ParseGyro
 .text.BMI088_ReadAccel
                0x08002ce8       0x6c ./Core/Src/SensorDriver/BMI088/bmi088.o
                0x08002ce8                BMI088_ReadAccel
 .text.BMI088_ParseAccel
                0x08002d54       0x60 ./Core/Src/SensorDriver/BMI088/bmi088.o
                0x08002d54                BMI088_ParseAccel
 .text.BMI088_Convert
                0x08002db4      0x144 ./Core/Src/SensorDriver/BMI088/bmi088.o
                0x08002db4                BMI088_Convert
 .text.BMI088_Calibrate
                0x08002ef8      0x38c ./Core/Src/SensorDriver/BMI088/bmi088.o
                0x08002ef8                BMI088_Calibrate
 .text.BMI088_SetTaskHandle
                0x08003284       0x20 ./Core/Src/SensorDriver/BMI088/bmi088_port.o
                0x08003284                BMI088_SetTaskHandle
 .text.BMI088_AccCS_Low
                0x080032a4       0x18 ./Core/Src/SensorDriver/BMI088/bmi088_port.o
                0x080032a4                BMI088_AccCS_Low
 .text.BMI088_AccCS_High
                0x080032bc       0x18 ./Core/Src/SensorDriver/BMI088/bmi088_port.o
                0x080032bc                BMI088_AccCS_High
 .text.BMI088_GyroCS_Low
                0x080032d4       0x18 ./Core/Src/SensorDriver/BMI088/bmi088_port.o
                0x080032d4                BMI088_GyroCS_Low
 .text.BMI088_GyroCS_High
                0x080032ec       0x18 ./Core/Src/SensorDriver/BMI088/bmi088_port.o
                0x080032ec                BMI088_GyroCS_High
 .text.BMI088_SPI_TransmitReceive_DMA
                0x08003304       0x28 ./Core/Src/SensorDriver/BMI088/bmi088_port.o
                0x08003304                BMI088_SPI_TransmitReceive_DMA
 .text.BMI088_DMA_Callback
                0x0800332c       0x44 ./Core/Src/SensorDriver/BMI088/bmi088_port.o
                0x0800332c                BMI088_DMA_Callback
 .text.BMI088_WaitDMA
                0x08003370       0x2c ./Core/Src/SensorDriver/BMI088/bmi088_port.o
                0x08003370                BMI088_WaitDMA
 .text.BMI088_ClearDMACompletion
                0x0800339c       0x24 ./Core/Src/SensorDriver/BMI088/bmi088_port.o
                0x0800339c                BMI088_ClearDMACompletion
 .text.BMI088_Acc_WriteReg
                0x080033c0       0x80 ./Core/Src/SensorDriver/BMI088/bmi088_port.o
                0x080033c0                BMI088_Acc_WriteReg
 .text.BMI088_Acc_ReadReg
                0x08003440       0x94 ./Core/Src/SensorDriver/BMI088/bmi088_port.o
                0x08003440                BMI088_Acc_ReadReg
 .text.BMI088_Gyro_WriteReg
                0x080034d4       0x80 ./Core/Src/SensorDriver/BMI088/bmi088_port.o
                0x080034d4                BMI088_Gyro_WriteReg
 .text.BMI088_Gyro_ReadReg
                0x08003554       0x90 ./Core/Src/SensorDriver/BMI088/bmi088_port.o
                0x08003554                BMI088_Gyro_ReadReg
 .text.IMU_Signal_Init
                0x080035e4       0x2c ./Core/Src/SensorDriver/BMI088/bmi088_task.o
 .text.IMUTask  0x08003610      0x2f8 ./Core/Src/SensorDriver/BMI088/bmi088_task.o
                0x08003610                IMUTask
 .text.QMC5883_WriteReg
                0x08003908       0x44 ./Core/Src/SensorDriver/QMC5883/qmc5883.o
 .text.QMC5883_ReadRegs
                0x0800394c       0x44 ./Core/Src/SensorDriver/QMC5883/qmc5883.o
 .text.QMC5883_Init
                0x08003990       0xb4 ./Core/Src/SensorDriver/QMC5883/qmc5883.o
                0x08003990                QMC5883_Init
 .text.QMC5883_Read
                0x08003a44      0x104 ./Core/Src/SensorDriver/QMC5883/qmc5883.o
                0x08003a44                QMC5883_Read
 .text.QMC5883_Calibrate
                0x08003b48      0x210 ./Core/Src/SensorDriver/QMC5883/qmc5883.o
                0x08003b48                QMC5883_Calibrate
 .text.MagTask  0x08003d58       0x84 ./Core/Src/SensorDriver/QMC5883/qmc5883_task.o
                0x08003d58                MagTask
 .text.Arm_Init
                0x08003ddc       0x18 ./Core/Src/State/arm.o
                0x08003ddc                Arm_Init
 .text.AttitudeSetpointTopic_Init
                0x08003df4       0x24 ./Core/Src/Topic/attitude_setpoint_topic.o
                0x08003df4                AttitudeSetpointTopic_Init
 .text.AttitudeSetpointTopic_Copy
                0x08003e18       0x20 ./Core/Src/Topic/attitude_setpoint_topic.o
                0x08003e18                AttitudeSetpointTopic_Copy
 .text.AttitudeTopic_Init
                0x08003e38       0x24 ./Core/Src/Topic/attitude_topic.o
                0x08003e38                AttitudeTopic_Init
 .text.AttitudeTopic_Subscribe
                0x08003e5c       0x28 ./Core/Src/Topic/attitude_topic.o
                0x08003e5c                AttitudeTopic_Subscribe
 .text.AttitudeTopic_Publish
                0x08003e84       0x20 ./Core/Src/Topic/attitude_topic.o
                0x08003e84                AttitudeTopic_Publish
 .text.AttitudeTopic_Copy
                0x08003ea4       0x20 ./Core/Src/Topic/attitude_topic.o
                0x08003ea4                AttitudeTopic_Copy
 .text.IMUTopic_Init
                0x08003ec4       0x24 ./Core/Src/Topic/imu_topic.o
                0x08003ec4                IMUTopic_Init
 .text.IMUTopic_Subscribe
                0x08003ee8       0x28 ./Core/Src/Topic/imu_topic.o
                0x08003ee8                IMUTopic_Subscribe
 .text.IMUTopic_Publish
                0x08003f10       0x20 ./Core/Src/Topic/imu_topic.o
                0x08003f10                IMUTopic_Publish
 .text.IMUTopic_Copy
                0x08003f30       0x20 ./Core/Src/Topic/imu_topic.o
                0x08003f30                IMUTopic_Copy
 .text.MagTopic_Init
                0x08003f50       0x1c ./Core/Src/Topic/mag_topic.o
                0x08003f50                MagTopic_Init
 .text.MagTopic_Publish
                0x08003f6c       0x20 ./Core/Src/Topic/mag_topic.o
                0x08003f6c                MagTopic_Publish
 .text.MagTopic_Copy
                0x08003f8c       0x24 ./Core/Src/Topic/mag_topic.o
                0x08003f8c                MagTopic_Copy
 .text.MutexTopic_Init
                0x08003fb0       0x3c ./Core/Src/Topic/mutex_topic.o
                0x08003fb0                MutexTopic_Init
 .text.MutexTopic_Publish
                0x08003fec       0x4a ./Core/Src/Topic/mutex_topic.o
                0x08003fec                MutexTopic_Publish
 .text.MutexTopic_Copy
                0x08004036       0x4a ./Core/Src/Topic/mutex_topic.o
                0x08004036                MutexTopic_Copy
 .text.RateSetpointTopic_Init
                0x08004080       0x24 ./Core/Src/Topic/rate_setpoint_topic.o
                0x08004080                RateSetpointTopic_Init
 .text.RateSetpointTopic_Publish
                0x080040a4       0x20 ./Core/Src/Topic/rate_setpoint_topic.o
                0x080040a4                RateSetpointTopic_Publish
 .text.RateSetpointTopic_Copy
                0x080040c4       0x20 ./Core/Src/Topic/rate_setpoint_topic.o
                0x080040c4                RateSetpointTopic_Copy
 .text.Topic_Init
                0x080040e4       0x44 ./Core/Src/Topic/topic.o
                0x080040e4                Topic_Init
 .text.Topic_Subscribe
                0x08004128       0x34 ./Core/Src/Topic/topic.o
                0x08004128                Topic_Subscribe
 .text.Topic_Publish
                0x0800415c       0x8c ./Core/Src/Topic/topic.o
                0x0800415c                Topic_Publish
 .text.Topic_Copy
                0x080041e8       0x60 ./Core/Src/Topic/topic.o
                0x080041e8                Topic_Copy
 .text.App_Init
                0x08004248       0x24 ./Core/Src/app.o
                0x08004248                App_Init
 .text.MX_DMA_Init
                0x0800426c       0x70 ./Core/Src/dma.o
                0x0800426c                MX_DMA_Init
 .text.MX_GPIO_Init
                0x080042dc       0xe0 ./Core/Src/gpio.o
                0x080042dc                MX_GPIO_Init
 .text.MX_I2C2_Init
                0x080043bc       0x5c ./Core/Src/i2c.o
                0x080043bc                MX_I2C2_Init
 .text.HAL_I2C_MspInit
                0x08004418       0xb0 ./Core/Src/i2c.o
                0x08004418                HAL_I2C_MspInit
 .text.vApplicationStackOverflowHook
                0x080044c8        0xe ./Core/Src/main.o
                0x080044c8                vApplicationStackOverflowHook
 .text.HAL_UART_TxCpltCallback
                0x080044d6       0x14 ./Core/Src/main.o
                0x080044d6                HAL_UART_TxCpltCallback
 *fill*         0x080044ea        0x2 
 .text.HAL_SPI_TxRxCpltCallback
                0x080044ec       0x34 ./Core/Src/main.o
                0x080044ec                HAL_SPI_TxRxCpltCallback
 .text.HAL_GPIO_EXTI_Callback
                0x08004520       0x90 ./Core/Src/main.o
                0x08004520                HAL_GPIO_EXTI_Callback
 .text.DWT_Init
                0x080045b0       0x34 ./Core/Src/main.o
                0x080045b0                DWT_Init
 .text.main     0x080045e4       0xd0 ./Core/Src/main.o
                0x080045e4                main
 .text.SystemClock_Config
                0x080046b4       0xd0 ./Core/Src/main.o
                0x080046b4                SystemClock_Config
 .text.HAL_TIM_PeriodElapsedCallback
                0x08004784       0x24 ./Core/Src/main.o
                0x08004784                HAL_TIM_PeriodElapsedCallback
 .text.Error_Handler
                0x080047a8        0xc ./Core/Src/main.o
                0x080047a8                Error_Handler
 .text.MX_SPI1_Init
                0x080047b4       0x6c ./Core/Src/spi.o
                0x080047b4                MX_SPI1_Init
 .text.HAL_SPI_MspInit
                0x08004820      0x15c ./Core/Src/spi.o
                0x08004820                HAL_SPI_MspInit
 .text.HAL_MspInit
                0x0800497c       0x50 ./Core/Src/stm32f4xx_hal_msp.o
                0x0800497c                HAL_MspInit
 .text.HAL_InitTick
                0x080049cc       0xf8 ./Core/Src/stm32f4xx_hal_timebase_tim.o
                0x080049cc                HAL_InitTick
 .text.NMI_Handler
                0x08004ac4        0x8 ./Core/Src/stm32f4xx_it.o
                0x08004ac4                NMI_Handler
 .text.HardFault_Handler
                0x08004acc        0x8 ./Core/Src/stm32f4xx_it.o
                0x08004acc                HardFault_Handler
 .text.MemManage_Handler
                0x08004ad4        0x8 ./Core/Src/stm32f4xx_it.o
                0x08004ad4                MemManage_Handler
 .text.BusFault_Handler
                0x08004adc        0x8 ./Core/Src/stm32f4xx_it.o
                0x08004adc                BusFault_Handler
 .text.UsageFault_Handler
                0x08004ae4        0x8 ./Core/Src/stm32f4xx_it.o
                0x08004ae4                UsageFault_Handler
 .text.DebugMon_Handler
                0x08004aec        0xe ./Core/Src/stm32f4xx_it.o
                0x08004aec                DebugMon_Handler
 .text.EXTI0_IRQHandler
                0x08004afa        0xe ./Core/Src/stm32f4xx_it.o
                0x08004afa                EXTI0_IRQHandler
 .text.EXTI1_IRQHandler
                0x08004b08        0xe ./Core/Src/stm32f4xx_it.o
                0x08004b08                EXTI1_IRQHandler
 *fill*         0x08004b16        0x2 
 .text.USART1_IRQHandler
                0x08004b18       0x14 ./Core/Src/stm32f4xx_it.o
                0x08004b18                USART1_IRQHandler
 .text.TIM5_IRQHandler
                0x08004b2c       0x14 ./Core/Src/stm32f4xx_it.o
                0x08004b2c                TIM5_IRQHandler
 .text.DMA2_Stream0_IRQHandler
                0x08004b40       0x14 ./Core/Src/stm32f4xx_it.o
                0x08004b40                DMA2_Stream0_IRQHandler
 .text.DMA2_Stream2_IRQHandler
                0x08004b54       0x14 ./Core/Src/stm32f4xx_it.o
                0x08004b54                DMA2_Stream2_IRQHandler
 .text.DMA2_Stream5_IRQHandler
                0x08004b68       0x14 ./Core/Src/stm32f4xx_it.o
                0x08004b68                DMA2_Stream5_IRQHandler
 .text.DMA2_Stream7_IRQHandler
                0x08004b7c       0x14 ./Core/Src/stm32f4xx_it.o
                0x08004b7c                DMA2_Stream7_IRQHandler
 .text.ITM_SendChar
                0x08004b90       0x50 ./Core/Src/syscalls.o
                0x08004b90                ITM_SendChar
 .text._getpid  0x08004be0       0x10 ./Core/Src/syscalls.o
                0x08004be0                _getpid
 .text._kill    0x08004bf0       0x20 ./Core/Src/syscalls.o
                0x08004bf0                _kill
 .text._exit    0x08004c10       0x16 ./Core/Src/syscalls.o
                0x08004c10                _exit
 .text._read    0x08004c26       0x3a ./Core/Src/syscalls.o
                0x08004c26                _read
 .text._write   0x08004c60       0x38 ./Core/Src/syscalls.o
                0x08004c60                _write
 .text._close   0x08004c98       0x18 ./Core/Src/syscalls.o
                0x08004c98                _close
 .text._fstat   0x08004cb0       0x20 ./Core/Src/syscalls.o
                0x08004cb0                _fstat
 .text._isatty  0x08004cd0       0x16 ./Core/Src/syscalls.o
                0x08004cd0                _isatty
 .text._lseek   0x08004ce6       0x1a ./Core/Src/syscalls.o
                0x08004ce6                _lseek
 .text._sbrk    0x08004d00       0x6c ./Core/Src/sysmem.o
                0x08004d00                _sbrk
 .text.SystemInit
                0x08004d6c       0x24 ./Core/Src/system_stm32f4xx.o
                0x08004d6c                SystemInit
 .text.MX_TIM4_Init
                0x08004d90       0xf8 ./Core/Src/tim.o
                0x08004d90                MX_TIM4_Init
 .text.HAL_TIM_PWM_MspInit
                0x08004e88       0x44 ./Core/Src/tim.o
                0x08004e88                HAL_TIM_PWM_MspInit
 .text.HAL_TIM_MspPostInit
                0x08004ecc       0x74 ./Core/Src/tim.o
                0x08004ecc                HAL_TIM_MspPostInit
 .text.MX_USART1_UART_Init
                0x08004f40       0x54 ./Core/Src/usart.o
                0x08004f40                MX_USART1_UART_Init
 .text.HAL_UART_MspInit
                0x08004f94      0x170 ./Core/Src/usart.o
                0x08004f94                HAL_UART_MspInit
 .text.Reset_Handler
                0x08005104       0x50 ./Core/Startup/startup_stm32f411ceux.o
                0x08005104                Reset_Handler
 .text.Default_Handler
                0x08005154        0x2 ./Core/Startup/startup_stm32f411ceux.o
                0x08005154                RTC_Alarm_IRQHandler
                0x08005154                EXTI2_IRQHandler
                0x08005154                SPI4_IRQHandler
                0x08005154                TIM1_CC_IRQHandler
                0x08005154                DMA1_Stream5_IRQHandler
                0x08005154                PVD_IRQHandler
                0x08005154                SDIO_IRQHandler
                0x08005154                TAMP_STAMP_IRQHandler
                0x08005154                EXTI3_IRQHandler
                0x08005154                TIM1_UP_TIM10_IRQHandler
                0x08005154                I2C3_ER_IRQHandler
                0x08005154                I2C2_EV_IRQHandler
                0x08005154                DMA1_Stream2_IRQHandler
                0x08005154                FPU_IRQHandler
                0x08005154                SPI1_IRQHandler
                0x08005154                TIM1_BRK_TIM9_IRQHandler
                0x08005154                DMA2_Stream3_IRQHandler
                0x08005154                USART6_IRQHandler
                0x08005154                TIM4_IRQHandler
                0x08005154                I2C1_EV_IRQHandler
                0x08005154                DMA1_Stream6_IRQHandler
                0x08005154                DMA1_Stream1_IRQHandler
                0x08005154                TIM3_IRQHandler
                0x08005154                RCC_IRQHandler
                0x08005154                Default_Handler
                0x08005154                EXTI15_10_IRQHandler
                0x08005154                ADC_IRQHandler
                0x08005154                DMA1_Stream7_IRQHandler
                0x08005154                SPI5_IRQHandler
                0x08005154                I2C3_EV_IRQHandler
                0x08005154                EXTI9_5_IRQHandler
                0x08005154                RTC_WKUP_IRQHandler
                0x08005154                SPI2_IRQHandler
                0x08005154                DMA1_Stream0_IRQHandler
                0x08005154                EXTI4_IRQHandler
                0x08005154                WWDG_IRQHandler
                0x08005154                TIM2_IRQHandler
                0x08005154                OTG_FS_WKUP_IRQHandler
                0x08005154                TIM1_TRG_COM_TIM11_IRQHandler
                0x08005154                USART2_IRQHandler
                0x08005154                I2C2_ER_IRQHandler
                0x08005154                DMA2_Stream1_IRQHandler
                0x08005154                FLASH_IRQHandler
                0x08005154                DMA2_Stream4_IRQHandler
                0x08005154                OTG_FS_IRQHandler
                0x08005154                SPI3_IRQHandler
                0x08005154                DMA1_Stream4_IRQHandler
                0x08005154                I2C1_ER_IRQHandler
                0x08005154                DMA2_Stream6_IRQHandler
                0x08005154                DMA1_Stream3_IRQHandler
 *fill*         0x08005156        0x2 
 .text.HAL_Init
                0x08005158       0x44 ./Drivers/STM32F4xx_HAL_Driver/Src/stm32f4xx_hal.o
                0x08005158                HAL_Init
 .text.HAL_IncTick
                0x0800519c       0x28 ./Drivers/STM32F4xx_HAL_Driver/Src/stm32f4xx_hal.o
                0x0800519c                HAL_IncTick
 .text.HAL_GetTick
                0x080051c4       0x18 ./Drivers/STM32F4xx_HAL_Driver/Src/stm32f4xx_hal.o
                0x080051c4                HAL_GetTick
 .text.__NVIC_SetPriorityGrouping
                0x080051dc       0x48 ./Drivers/STM32F4xx_HAL_Driver/Src/stm32f4xx_hal_cortex.o
 .text.__NVIC_GetPriorityGrouping
                0x08005224       0x1c ./Drivers/STM32F4xx_HAL_Driver/Src/stm32f4xx_hal_cortex.o
 .text.__NVIC_EnableIRQ
                0x08005240       0x3c ./Drivers/STM32F4xx_HAL_Driver/Src/stm32f4xx_hal_cortex.o
 .text.__NVIC_SetPriority
                0x0800527c       0x54 ./Drivers/STM32F4xx_HAL_Driver/Src/stm32f4xx_hal_cortex.o
 .text.NVIC_EncodePriority
                0x080052d0       0x66 ./Drivers/STM32F4xx_HAL_Driver/Src/stm32f4xx_hal_cortex.o
 .text.HAL_NVIC_SetPriorityGrouping
                0x08005336       0x16 ./Drivers/STM32F4xx_HAL_Driver/Src/stm32f4xx_hal_cortex.o
                0x08005336                HAL_NVIC_SetPriorityGrouping
 .text.HAL_NVIC_SetPriority
                0x0800534c       0x38 ./Drivers/STM32F4xx_HAL_Driver/Src/stm32f4xx_hal_cortex.o
                0x0800534c                HAL_NVIC_SetPriority
 .text.HAL_NVIC_EnableIRQ
                0x08005384       0x1c ./Drivers/STM32F4xx_HAL_Driver/Src/stm32f4xx_hal_cortex.o
                0x08005384                HAL_NVIC_EnableIRQ
 .text.HAL_DMA_Init
                0x080053a0      0x15c ./Drivers/STM32F4xx_HAL_Driver/Src/stm32f4xx_hal_dma.o
                0x080053a0                HAL_DMA_Init
 .text.HAL_DMA_Start_IT
                0x080054fc       0xb0 ./Drivers/STM32F4xx_HAL_Driver/Src/stm32f4xx_hal_dma.o
                0x080054fc                HAL_DMA_Start_IT
 .text.HAL_DMA_Abort
                0x080055ac       0xe0 ./Drivers/STM32F4xx_HAL_Driver/Src/stm32f4xx_hal_dma.o
                0x080055ac                HAL_DMA_Abort
 .text.HAL_DMA_Abort_IT
                0x0800568c       0x44 ./Drivers/STM32F4xx_HAL_Driver/Src/stm32f4xx_hal_dma.o
                0x0800568c                HAL_DMA_Abort_IT
 .text.HAL_DMA_IRQHandler
                0x080056d0      0x314 ./Drivers/STM32F4xx_HAL_Driver/Src/stm32f4xx_hal_dma.o
                0x080056d0                HAL_DMA_IRQHandler
 .text.DMA_SetConfig
                0x080059e4       0x5c ./Drivers/STM32F4xx_HAL_Driver/Src/stm32f4xx_hal_dma.o
 .text.DMA_CalcBaseAndBitshift
                0x08005a40       0x6c ./Drivers/STM32F4xx_HAL_Driver/Src/stm32f4xx_hal_dma.o
 .text.DMA_CheckFifoParam
                0x08005aac       0xf8 ./Drivers/STM32F4xx_HAL_Driver/Src/stm32f4xx_hal_dma.o
 .text.HAL_GPIO_Init
                0x08005ba4      0x308 ./Drivers/STM32F4xx_HAL_Driver/Src/stm32f4xx_hal_gpio.o
                0x08005ba4                HAL_GPIO_Init
 .text.HAL_GPIO_WritePin
                0x08005eac       0x32 ./Drivers/STM32F4xx_HAL_Driver/Src/stm32f4xx_hal_gpio.o
                0x08005eac                HAL_GPIO_WritePin
 *fill*         0x08005ede        0x2 
 .text.HAL_GPIO_EXTI_IRQHandler
                0x08005ee0       0x30 ./Drivers/STM32F4xx_HAL_Driver/Src/stm32f4xx_hal_gpio.o
                0x08005ee0                HAL_GPIO_EXTI_IRQHandler
 .text.HAL_I2C_Init
                0x08005f10      0x288 ./Drivers/STM32F4xx_HAL_Driver/Src/stm32f4xx_hal_i2c.o
                0x08005f10                HAL_I2C_Init
 .text.HAL_I2C_Mem_Write
                0x08006198      0x1f4 ./Drivers/STM32F4xx_HAL_Driver/Src/stm32f4xx_hal_i2c.o
                0x08006198                HAL_I2C_Mem_Write
 .text.HAL_I2C_Mem_Read
                0x0800638c      0x464 ./Drivers/STM32F4xx_HAL_Driver/Src/stm32f4xx_hal_i2c.o
                0x0800638c                HAL_I2C_Mem_Read
 .text.I2C_RequestMemoryWrite
                0x080067f0      0x12c ./Drivers/STM32F4xx_HAL_Driver/Src/stm32f4xx_hal_i2c.o
 .text.I2C_RequestMemoryRead
                0x0800691c      0x1d0 ./Drivers/STM32F4xx_HAL_Driver/Src/stm32f4xx_hal_i2c.o
 .text.I2C_WaitOnFlagUntilTimeout
                0x08006aec       0xf4 ./Drivers/STM32F4xx_HAL_Driver/Src/stm32f4xx_hal_i2c.o
 .text.I2C_WaitOnMasterAddressFlagUntilTimeout
                0x08006be0      0x140 ./Drivers/STM32F4xx_HAL_Driver/Src/stm32f4xx_hal_i2c.o
 .text.I2C_WaitOnTXEFlagUntilTimeout
                0x08006d20       0x90 ./Drivers/STM32F4xx_HAL_Driver/Src/stm32f4xx_hal_i2c.o
 .text.I2C_WaitOnBTFFlagUntilTimeout
                0x08006db0       0x90 ./Drivers/STM32F4xx_HAL_Driver/Src/stm32f4xx_hal_i2c.o
 .text.I2C_WaitOnRXNEFlagUntilTimeout
                0x08006e40       0xba ./Drivers/STM32F4xx_HAL_Driver/Src/stm32f4xx_hal_i2c.o
 .text.I2C_IsAcknowledgeFailed
                0x08006efa       0x5e ./Drivers/STM32F4xx_HAL_Driver/Src/stm32f4xx_hal_i2c.o
 .text.HAL_RCC_OscConfig
                0x08006f58      0x4f0 ./Drivers/STM32F4xx_HAL_Driver/Src/stm32f4xx_hal_rcc.o
                0x08006f58                HAL_RCC_OscConfig
 .text.HAL_RCC_ClockConfig
                0x08007448      0x1cc ./Drivers/STM32F4xx_HAL_Driver/Src/stm32f4xx_hal_rcc.o
                0x08007448                HAL_RCC_ClockConfig
 .text.HAL_RCC_GetSysClockFreq
                0x08007614      0x18c ./Drivers/STM32F4xx_HAL_Driver/Src/stm32f4xx_hal_rcc.o
                0x08007614                HAL_RCC_GetSysClockFreq
 .text.HAL_RCC_GetHCLKFreq
                0x080077a0       0x18 ./Drivers/STM32F4xx_HAL_Driver/Src/stm32f4xx_hal_rcc.o
                0x080077a0                HAL_RCC_GetHCLKFreq
 .text.HAL_RCC_GetPCLK1Freq
                0x080077b8       0x28 ./Drivers/STM32F4xx_HAL_Driver/Src/stm32f4xx_hal_rcc.o
                0x080077b8                HAL_RCC_GetPCLK1Freq
 .text.HAL_RCC_GetPCLK2Freq
                0x080077e0       0x28 ./Drivers/STM32F4xx_HAL_Driver/Src/stm32f4xx_hal_rcc.o
                0x080077e0                HAL_RCC_GetPCLK2Freq
 .text.HAL_RCC_GetClockConfig
                0x08007808       0x64 ./Drivers/STM32F4xx_HAL_Driver/Src/stm32f4xx_hal_rcc.o
                0x08007808                HAL_RCC_GetClockConfig
 .text.HAL_SPI_Init
                0x0800786c      0x112 ./Drivers/STM32F4xx_HAL_Driver/Src/stm32f4xx_hal_spi.o
                0x0800786c                HAL_SPI_Init
 *fill*         0x0800797e        0x2 
 .text.HAL_SPI_TransmitReceive_DMA
                0x08007980      0x1f8 ./Drivers/STM32F4xx_HAL_Driver/Src/stm32f4xx_hal_spi.o
                0x08007980                HAL_SPI_TransmitReceive_DMA
 .text.HAL_SPI_RxCpltCallback
                0x08007b78       0x14 ./Drivers/STM32F4xx_HAL_Driver/Src/stm32f4xx_hal_spi.o
                0x08007b78                HAL_SPI_RxCpltCallback
 .text.HAL_SPI_RxHalfCpltCallback
                0x08007b8c       0x14 ./Drivers/STM32F4xx_HAL_Driver/Src/stm32f4xx_hal_spi.o
                0x08007b8c                HAL_SPI_RxHalfCpltCallback
 .text.HAL_SPI_TxRxHalfCpltCallback
                0x08007ba0       0x14 ./Drivers/STM32F4xx_HAL_Driver/Src/stm32f4xx_hal_spi.o
                0x08007ba0                HAL_SPI_TxRxHalfCpltCallback
 .text.HAL_SPI_ErrorCallback
                0x08007bb4       0x14 ./Drivers/STM32F4xx_HAL_Driver/Src/stm32f4xx_hal_spi.o
                0x08007bb4                HAL_SPI_ErrorCallback
 .text.SPI_DMAReceiveCplt
                0x08007bc8       0xa8 ./Drivers/STM32F4xx_HAL_Driver/Src/stm32f4xx_hal_spi.o
 .text.SPI_DMATransmitReceiveCplt
                0x08007c70       0x90 ./Drivers/STM32F4xx_HAL_Driver/Src/stm32f4xx_hal_spi.o
 .text.SPI_DMAHalfReceiveCplt
                0x08007d00       0x1c ./Drivers/STM32F4xx_HAL_Driver/Src/stm32f4xx_hal_spi.o
 .text.SPI_DMAHalfTransmitReceiveCplt
                0x08007d1c       0x1c ./Drivers/STM32F4xx_HAL_Driver/Src/stm32f4xx_hal_spi.o
 .text.SPI_DMAError
                0x08007d38       0x40 ./Drivers/STM32F4xx_HAL_Driver/Src/stm32f4xx_hal_spi.o
 .text.SPI_WaitFlagStateUntilTimeout
                0x08007d78      0x110 ./Drivers/STM32F4xx_HAL_Driver/Src/stm32f4xx_hal_spi.o
 .text.SPI_EndRxTransaction
                0x08007e88       0xca ./Drivers/STM32F4xx_HAL_Driver/Src/stm32f4xx_hal_spi.o
 *fill*         0x08007f52        0x2 
 .text.SPI_EndRxTxTransaction
                0x08007f54       0xa8 ./Drivers/STM32F4xx_HAL_Driver/Src/stm32f4xx_hal_spi.o
 .text.HAL_TIM_Base_Init
                0x08007ffc       0x9e ./Drivers/STM32F4xx_HAL_Driver/Src/stm32f4xx_hal_tim.o
                0x08007ffc                HAL_TIM_Base_Init
 .text.HAL_TIM_Base_MspInit
                0x0800809a       0x14 ./Drivers/STM32F4xx_HAL_Driver/Src/stm32f4xx_hal_tim.o
                0x0800809a                HAL_TIM_Base_MspInit
 *fill*         0x080080ae        0x2 
 .text.HAL_TIM_Base_Start_IT
                0x080080b0       0xc4 ./Drivers/STM32F4xx_HAL_Driver/Src/stm32f4xx_hal_tim.o
                0x080080b0                HAL_TIM_Base_Start_IT
 .text.HAL_TIM_PWM_Init
                0x08008174       0x9e ./Drivers/STM32F4xx_HAL_Driver/Src/stm32f4xx_hal_tim.o
                0x08008174                HAL_TIM_PWM_Init
 *fill*         0x08008212        0x2 
 .text.HAL_TIM_PWM_Start
                0x08008214      0x160 ./Drivers/STM32F4xx_HAL_Driver/Src/stm32f4xx_hal_tim.o
                0x08008214                HAL_TIM_PWM_Start
 .text.HAL_TIM_IRQHandler
                0x08008374      0x1e0 ./Drivers/STM32F4xx_HAL_Driver/Src/stm32f4xx_hal_tim.o
                0x08008374                HAL_TIM_IRQHandler
 .text.HAL_TIM_PWM_ConfigChannel
                0x08008554      0x184 ./Drivers/STM32F4xx_HAL_Driver/Src/stm32f4xx_hal_tim.o
                0x08008554                HAL_TIM_PWM_ConfigChannel
 .text.HAL_TIM_OC_DelayElapsedCallback
                0x080086d8       0x14 ./Drivers/STM32F4xx_HAL_Driver/Src/stm32f4xx_hal_tim.o
                0x080086d8                HAL_TIM_OC_DelayElapsedCallback
 .text.HAL_TIM_IC_CaptureCallback
                0x080086ec       0x14 ./Drivers/STM32F4xx_HAL_Driver/Src/stm32f4xx_hal_tim.o
                0x080086ec                HAL_TIM_IC_CaptureCallback
 .text.HAL_TIM_PWM_PulseFinishedCallback
                0x08008700       0x14 ./Drivers/STM32F4xx_HAL_Driver/Src/stm32f4xx_hal_tim.o
                0x08008700                HAL_TIM_PWM_PulseFinishedCallback
 .text.HAL_TIM_TriggerCallback
                0x08008714       0x14 ./Drivers/STM32F4xx_HAL_Driver/Src/stm32f4xx_hal_tim.o
                0x08008714                HAL_TIM_TriggerCallback
 .text.TIM_Base_SetConfig
                0x08008728      0x10c ./Drivers/STM32F4xx_HAL_Driver/Src/stm32f4xx_hal_tim.o
                0x08008728                TIM_Base_SetConfig
 .text.TIM_OC1_SetConfig
                0x08008834       0xcc ./Drivers/STM32F4xx_HAL_Driver/Src/stm32f4xx_hal_tim.o
 .text.TIM_OC2_SetConfig
                0x08008900       0xd8 ./Drivers/STM32F4xx_HAL_Driver/Src/stm32f4xx_hal_tim.o
                0x08008900                TIM_OC2_SetConfig
 .text.TIM_OC3_SetConfig
                0x080089d8       0xd4 ./Drivers/STM32F4xx_HAL_Driver/Src/stm32f4xx_hal_tim.o
 .text.TIM_OC4_SetConfig
                0x08008aac       0xa0 ./Drivers/STM32F4xx_HAL_Driver/Src/stm32f4xx_hal_tim.o
 .text.TIM_CCxChannelCmd
                0x08008b4c       0x4a ./Drivers/STM32F4xx_HAL_Driver/Src/stm32f4xx_hal_tim.o
                0x08008b4c                TIM_CCxChannelCmd
 *fill*         0x08008b96        0x2 
 .text.HAL_TIMEx_MasterConfigSynchronization
                0x08008b98       0xdc ./Drivers/STM32F4xx_HAL_Driver/Src/stm32f4xx_hal_tim_ex.o
                0x08008b98                HAL_TIMEx_MasterConfigSynchronization
 .text.HAL_TIMEx_CommutCallback
                0x08008c74       0x14 ./Drivers/STM32F4xx_HAL_Driver/Src/stm32f4xx_hal_tim_ex.o
                0x08008c74                HAL_TIMEx_CommutCallback
 .text.HAL_TIMEx_BreakCallback
                0x08008c88       0x14 ./Drivers/STM32F4xx_HAL_Driver/Src/stm32f4xx_hal_tim_ex.o
                0x08008c88                HAL_TIMEx_BreakCallback
 .text.HAL_UART_Init
                0x08008c9c       0xa0 ./Drivers/STM32F4xx_HAL_Driver/Src/stm32f4xx_hal_uart.o
                0x08008c9c                HAL_UART_Init
 .text.HAL_UART_Transmit_DMA
                0x08008d3c       0xf8 ./Drivers/STM32F4xx_HAL_Driver/Src/stm32f4xx_hal_uart.o
                0x08008d3c                HAL_UART_Transmit_DMA
 .text.HAL_UART_IRQHandler
                0x08008e34      0x554 ./Drivers/STM32F4xx_HAL_Driver/Src/stm32f4xx_hal_uart.o
                0x08008e34                HAL_UART_IRQHandler
 .text.HAL_UART_TxHalfCpltCallback
                0x08009388       0x14 ./Drivers/STM32F4xx_HAL_Driver/Src/stm32f4xx_hal_uart.o
                0x08009388                HAL_UART_TxHalfCpltCallback
 .text.HAL_UART_RxCpltCallback
                0x0800939c       0x14 ./Drivers/STM32F4xx_HAL_Driver/Src/stm32f4xx_hal_uart.o
                0x0800939c                HAL_UART_RxCpltCallback
 .text.HAL_UART_ErrorCallback
                0x080093b0       0x14 ./Drivers/STM32F4xx_HAL_Driver/Src/stm32f4xx_hal_uart.o
                0x080093b0                HAL_UART_ErrorCallback
 .text.HAL_UARTEx_RxEventCallback
                0x080093c4       0x18 ./Drivers/STM32F4xx_HAL_Driver/Src/stm32f4xx_hal_uart.o
                0x080093c4                HAL_UARTEx_RxEventCallback
 .text.UART_DMATransmitCplt
                0x080093dc       0x9a ./Drivers/STM32F4xx_HAL_Driver/Src/stm32f4xx_hal_uart.o
 .text.UART_DMATxHalfCplt
                0x08009476       0x1c ./Drivers/STM32F4xx_HAL_Driver/Src/stm32f4xx_hal_uart.o
 .text.UART_DMAError
                0x08009492       0x94 ./Drivers/STM32F4xx_HAL_Driver/Src/stm32f4xx_hal_uart.o
 .text.UART_EndTxTransfer
                0x08009526       0x50 ./Drivers/STM32F4xx_HAL_Driver/Src/stm32f4xx_hal_uart.o
 .text.UART_EndRxTransfer
                0x08009576       0xc6 ./Drivers/STM32F4xx_HAL_Driver/Src/stm32f4xx_hal_uart.o
 .text.UART_DMAAbortOnError
                0x0800963c       0x22 ./Drivers/STM32F4xx_HAL_Driver/Src/stm32f4xx_hal_uart.o
 .text.UART_Transmit_IT
                0x0800965e       0xa0 ./Drivers/STM32F4xx_HAL_Driver/Src/stm32f4xx_hal_uart.o
 .text.UART_EndTransmit_IT
                0x080096fe       0x30 ./Drivers/STM32F4xx_HAL_Driver/Src/stm32f4xx_hal_uart.o
 .text.UART_Receive_IT
                0x0800972e      0x17c ./Drivers/STM32F4xx_HAL_Driver/Src/stm32f4xx_hal_uart.o
 *fill*         0x080098aa        0x2 
 .text.UART_SetConfig
                0x080098ac      0x4e8 ./Drivers/STM32F4xx_HAL_Driver/Src/stm32f4xx_hal_uart.o
 .text.vListInitialise
                0x08009d94       0x40 ./ThirdParty/FreeRTOS/list.o
                0x08009d94                vListInitialise
 .text.vListInitialiseItem
                0x08009dd4       0x1a ./ThirdParty/FreeRTOS/list.o
                0x08009dd4                vListInitialiseItem
 .text.vListInsertEnd
                0x08009dee       0x48 ./ThirdParty/FreeRTOS/list.o
                0x08009dee                vListInsertEnd
 .text.vListInsert
                0x08009e36       0x72 ./ThirdParty/FreeRTOS/list.o
                0x08009e36                vListInsert
 .text.uxListRemove
                0x08009ea8       0x54 ./ThirdParty/FreeRTOS/list.o
                0x08009ea8                uxListRemove
 .text.xQueueGenericReset
                0x08009efc      0x124 ./ThirdParty/FreeRTOS/queue.o
                0x08009efc                xQueueGenericReset
 .text.xQueueGenericCreate
                0x0800a020       0x9e ./ThirdParty/FreeRTOS/queue.o
                0x0800a020                xQueueGenericCreate
 .text.prvInitialiseNewQueue
                0x0800a0be       0x46 ./ThirdParty/FreeRTOS/queue.o
 .text.prvInitialiseMutex
                0x0800a104       0x34 ./ThirdParty/FreeRTOS/queue.o
 .text.xQueueCreateMutex
                0x0800a138       0x30 ./ThirdParty/FreeRTOS/queue.o
                0x0800a138                xQueueCreateMutex
 .text.xQueueGenericSend
                0x0800a168      0x1d4 ./ThirdParty/FreeRTOS/queue.o
                0x0800a168                xQueueGenericSend
 .text.xQueueGiveFromISR
                0x0800a33c      0x150 ./ThirdParty/FreeRTOS/queue.o
                0x0800a33c                xQueueGiveFromISR
 .text.xQueueSemaphoreTake
                0x0800a48c      0x1d0 ./ThirdParty/FreeRTOS/queue.o
                0x0800a48c                xQueueSemaphoreTake
 .text.prvGetDisinheritPriorityAfterTimeout
                0x0800a65c       0x30 ./ThirdParty/FreeRTOS/queue.o
 .text.prvCopyDataToQueue
                0x0800a68c       0xd4 ./ThirdParty/FreeRTOS/queue.o
 .text.prvUnlockQueue
                0x0800a760       0xa4 ./ThirdParty/FreeRTOS/queue.o
 .text.prvIsQueueEmpty
                0x0800a804       0x2c ./ThirdParty/FreeRTOS/queue.o
 .text.prvIsQueueFull
                0x0800a830       0x30 ./ThirdParty/FreeRTOS/queue.o
 .text.prvCreateTask
                0x0800a860       0x78 ./ThirdParty/FreeRTOS/tasks.o
 .text.xTaskCreate
                0x0800a8d8       0x46 ./ThirdParty/FreeRTOS/tasks.o
                0x0800a8d8                xTaskCreate
 .text.prvInitialiseNewTask
                0x0800a91e      0x120 ./ThirdParty/FreeRTOS/tasks.o
 *fill*         0x0800aa3e        0x2 
 .text.prvAddNewTaskToReadyList
                0x0800aa40      0x12c ./ThirdParty/FreeRTOS/tasks.o
 .text.vTaskDelete
                0x0800ab6c      0x12c ./ThirdParty/FreeRTOS/tasks.o
                0x0800ab6c                vTaskDelete
 .text.xTaskDelayUntil
                0x0800ac98      0x104 ./ThirdParty/FreeRTOS/tasks.o
                0x0800ac98                xTaskDelayUntil
 .text.vTaskDelay
                0x0800ad9c       0x6c ./ThirdParty/FreeRTOS/tasks.o
                0x0800ad9c                vTaskDelay
 .text.prvCreateIdleTasks
                0x0800ae08       0x94 ./ThirdParty/FreeRTOS/tasks.o
 .text.vTaskStartScheduler
                0x0800ae9c       0x7c ./ThirdParty/FreeRTOS/tasks.o
                0x0800ae9c                vTaskStartScheduler
 .text.vTaskSuspendAll
                0x0800af18       0x1c ./ThirdParty/FreeRTOS/tasks.o
                0x0800af18                vTaskSuspendAll
 .text.xTaskResumeAll
                0x0800af34      0x20c ./ThirdParty/FreeRTOS/tasks.o
                0x0800af34                xTaskResumeAll
 .text.xTaskGetTickCount
                0x0800b140       0x20 ./ThirdParty/FreeRTOS/tasks.o
                0x0800b140                xTaskGetTickCount
 .text.uxTaskGetNumberOfTasks
                0x0800b160       0x18 ./ThirdParty/FreeRTOS/tasks.o
                0x0800b160                uxTaskGetNumberOfTasks
 .text.xTaskIncrementTick
                0x0800b178      0x230 ./ThirdParty/FreeRTOS/tasks.o
                0x0800b178                xTaskIncrementTick
 .text.vTaskSwitchContext
                0x0800b3a8      0x108 ./ThirdParty/FreeRTOS/tasks.o
                0x0800b3a8                vTaskSwitchContext
 .text.vTaskPlaceOnEventList
                0x0800b4b0       0x4c ./ThirdParty/FreeRTOS/tasks.o
                0x0800b4b0                vTaskPlaceOnEventList
 .text.xTaskRemoveFromEventList
                0x0800b4fc      0x1b0 ./ThirdParty/FreeRTOS/tasks.o
                0x0800b4fc                xTaskRemoveFromEventList
 .text.vTaskInternalSetTimeOutState
                0x0800b6ac       0x2c ./ThirdParty/FreeRTOS/tasks.o
                0x0800b6ac                vTaskInternalSetTimeOutState
 .text.xTaskCheckForTimeOut
                0x0800b6d8       0xd0 ./ThirdParty/FreeRTOS/tasks.o
                0x0800b6d8                xTaskCheckForTimeOut
 .text.vTaskMissedYield
                0x0800b7a8       0x18 ./ThirdParty/FreeRTOS/tasks.o
                0x0800b7a8                vTaskMissedYield
 .text.prvIdleTask
                0x0800b7c0       0x30 ./ThirdParty/FreeRTOS/tasks.o
 .text.prvInitialiseTaskLists
                0x0800b7f0       0x80 ./ThirdParty/FreeRTOS/tasks.o
 .text.prvCheckTasksWaitingTermination
                0x0800b870       0x5c ./ThirdParty/FreeRTOS/tasks.o
 .text.prvDeleteTCB
                0x0800b8cc       0x20 ./ThirdParty/FreeRTOS/tasks.o
 .text.prvResetNextTaskUnblockTime
                0x0800b8ec       0x38 ./ThirdParty/FreeRTOS/tasks.o
 .text.xTaskGetCurrentTaskHandle
                0x0800b924       0x20 ./ThirdParty/FreeRTOS/tasks.o
                0x0800b924                xTaskGetCurrentTaskHandle
 .text.xTaskPriorityInherit
                0x0800b944      0x13c ./ThirdParty/FreeRTOS/tasks.o
                0x0800b944                xTaskPriorityInherit
 .text.xTaskPriorityDisinherit
                0x0800ba80      0x14c ./ThirdParty/FreeRTOS/tasks.o
                0x0800ba80                xTaskPriorityDisinherit
 .text.vTaskPriorityDisinheritAfterTimeout
                0x0800bbcc      0x174 ./ThirdParty/FreeRTOS/tasks.o
                0x0800bbcc                vTaskPriorityDisinheritAfterTimeout
 .text.pvTaskIncrementMutexHeldCount
                0x0800bd40       0x30 ./ThirdParty/FreeRTOS/tasks.o
                0x0800bd40                pvTaskIncrementMutexHeldCount
 .text.ulTaskGenericNotifyTake
                0x0800bd70       0xec ./ThirdParty/FreeRTOS/tasks.o
                0x0800bd70                ulTaskGenericNotifyTake
 .text.xTaskGenericNotify
                0x0800be5c      0x24c ./ThirdParty/FreeRTOS/tasks.o
                0x0800be5c                xTaskGenericNotify
 .text.vTaskGenericNotifyGiveFromISR
                0x0800c0a8      0x210 ./ThirdParty/FreeRTOS/tasks.o
                0x0800c0a8                vTaskGenericNotifyGiveFromISR
 .text.prvAddCurrentTaskToDelayedList
                0x0800c2b8      0x104 ./ThirdParty/FreeRTOS/tasks.o
 .text.pxPortInitialiseStack
                0x0800c3bc       0x68 ./ThirdParty/FreeRTOS/portable/GCC/ARM_CM4F/port.o
                0x0800c3bc                pxPortInitialiseStack
 .text.prvTaskExitError
                0x0800c424       0x5c ./ThirdParty/FreeRTOS/portable/GCC/ARM_CM4F/port.o
 .text.SVC_Handler
                0x0800c480       0x28 ./ThirdParty/FreeRTOS/portable/GCC/ARM_CM4F/port.o
                0x0800c480                SVC_Handler
 .text.prvPortStartFirstTask
                0x0800c4a8       0x2c ./ThirdParty/FreeRTOS/portable/GCC/ARM_CM4F/port.o
 .text.xPortStartScheduler
                0x0800c4d4      0x1e0 ./ThirdParty/FreeRTOS/portable/GCC/ARM_CM4F/port.o
                0x0800c4d4                xPortStartScheduler
 .text.vPortEnterCritical
                0x0800c6b4       0x64 ./ThirdParty/FreeRTOS/portable/GCC/ARM_CM4F/port.o
                0x0800c6b4                vPortEnterCritical
 .text.vPortExitCritical
                0x0800c718       0x54 ./ThirdParty/FreeRTOS/portable/GCC/ARM_CM4F/port.o
                0x0800c718                vPortExitCritical
 *fill*         0x0800c76c        0x4 
 .text.PendSV_Handler
                0x0800c770       0x68 ./ThirdParty/FreeRTOS/portable/GCC/ARM_CM4F/port.o
                0x0800c770                PendSV_Handler
 .text.SysTick_Handler
                0x0800c7d8       0x44 ./ThirdParty/FreeRTOS/portable/GCC/ARM_CM4F/port.o
                0x0800c7d8                SysTick_Handler
 .text.vPortSetupTimerInterrupt
                0x0800c81c       0x48 ./ThirdParty/FreeRTOS/portable/GCC/ARM_CM4F/port.o
                0x0800c81c                vPortSetupTimerInterrupt
 .text.vPortEnableVFP
                0x0800c864       0x18 ./ThirdParty/FreeRTOS/portable/GCC/ARM_CM4F/port.o
 .text.vPortValidateInterruptPriority
                0x0800c87c       0x84 ./ThirdParty/FreeRTOS/portable/GCC/ARM_CM4F/port.o
                0x0800c87c                vPortValidateInterruptPriority
 .text.pvPortMalloc
                0x0800c900      0x264 ./ThirdParty/FreeRTOS/portable/MemMang/heap_4.o
                0x0800c900                pvPortMalloc
 .text.vPortFree
                0x0800cb64       0xec ./ThirdParty/FreeRTOS/portable/MemMang/heap_4.o
                0x0800cb64                vPortFree
 .text.prvHeapInit
                0x0800cc50       0xb4 ./ThirdParty/FreeRTOS/portable/MemMang/heap_4.o
 .text.prvInsertBlockIntoFreeList
                0x0800cd04       0xf4 ./ThirdParty/FreeRTOS/portable/MemMang/heap_4.o
 .text.__cvt    0x0800cdf8       0xca C:/ST/STM32CubeIDE_1.19.0/STM32CubeIDE/plugins/com.st.stm32cube.ide.mcu.externaltools.gnu-tools-for-stm32.13.3.rel1.win32_1.0.0.202411081344/tools/bin/../lib/gcc/arm-none-eabi/13.3.1/../../../../arm-none-eabi/lib/thumb/v7e-m+fp/hard\libc_nano.a(libc_a-nano-vfprintf_float.o)
                0x0800cdf8                __cvt
 .text.__exponent
                0x0800cec2       0x74 C:/ST/STM32CubeIDE_1.19.0/STM32CubeIDE/plugins/com.st.stm32cube.ide.mcu.externaltools.gnu-tools-for-stm32.13.3.rel1.win32_1.0.0.202411081344/tools/bin/../lib/gcc/arm-none-eabi/13.3.1/../../../../arm-none-eabi/lib/thumb/v7e-m+fp/hard\libc_nano.a(libc_a-nano-vfprintf_float.o)
                0x0800cec2                __exponent
 *fill*         0x0800cf36        0x2 
 .text._printf_float
                0x0800cf38      0x454 C:/ST/STM32CubeIDE_1.19.0/STM32CubeIDE/plugins/com.st.stm32cube.ide.mcu.externaltools.gnu-tools-for-stm32.13.3.rel1.win32_1.0.0.202411081344/tools/bin/../lib/gcc/arm-none-eabi/13.3.1/../../../../arm-none-eabi/lib/thumb/v7e-m+fp/hard\libc_nano.a(libc_a-nano-vfprintf_float.o)
                0x0800cf38                _printf_float
 .text._printf_common
                0x0800d38c       0xda C:/ST/STM32CubeIDE_1.19.0/STM32CubeIDE/plugins/com.st.stm32cube.ide.mcu.externaltools.gnu-tools-for-stm32.13.3.rel1.win32_1.0.0.202411081344/tools/bin/../lib/gcc/arm-none-eabi/13.3.1/../../../../arm-none-eabi/lib/thumb/v7e-m+fp/hard\libc_nano.a(libc_a-nano-vfprintf_i.o)
                0x0800d38c                _printf_common
 *fill*         0x0800d466        0x2 
 .text._printf_i
                0x0800d468      0x23c C:/ST/STM32CubeIDE_1.19.0/STM32CubeIDE/plugins/com.st.stm32cube.ide.mcu.externaltools.gnu-tools-for-stm32.13.3.rel1.win32_1.0.0.202411081344/tools/bin/../lib/gcc/arm-none-eabi/13.3.1/../../../../arm-none-eabi/lib/thumb/v7e-m+fp/hard\libc_nano.a(libc_a-nano-vfprintf_i.o)
                0x0800d468                _printf_i
 .text.std      0x0800d6a4       0x6c C:/ST/STM32CubeIDE_1.19.0/STM32CubeIDE/plugins/com.st.stm32cube.ide.mcu.externaltools.gnu-tools-for-stm32.13.3.rel1.win32_1.0.0.202411081344/tools/bin/../lib/gcc/arm-none-eabi/13.3.1/../../../../arm-none-eabi/lib/thumb/v7e-m+fp/hard\libc_nano.a(libc_a-findfp.o)
 .text.stdio_exit_handler
                0x0800d710       0x18 C:/ST/STM32CubeIDE_1.19.0/STM32CubeIDE/plugins/com.st.stm32cube.ide.mcu.externaltools.gnu-tools-for-stm32.13.3.rel1.win32_1.0.0.202411081344/tools/bin/../lib/gcc/arm-none-eabi/13.3.1/../../../../arm-none-eabi/lib/thumb/v7e-m+fp/hard\libc_nano.a(libc_a-findfp.o)
 .text.cleanup_stdio
                0x0800d728       0x40 C:/ST/STM32CubeIDE_1.19.0/STM32CubeIDE/plugins/com.st.stm32cube.ide.mcu.externaltools.gnu-tools-for-stm32.13.3.rel1.win32_1.0.0.202411081344/tools/bin/../lib/gcc/arm-none-eabi/13.3.1/../../../../arm-none-eabi/lib/thumb/v7e-m+fp/hard\libc_nano.a(libc_a-findfp.o)
 .text.global_stdio_init.part.0
                0x0800d768       0x3c C:/ST/STM32CubeIDE_1.19.0/STM32CubeIDE/plugins/com.st.stm32cube.ide.mcu.externaltools.gnu-tools-for-stm32.13.3.rel1.win32_1.0.0.202411081344/tools/bin/../lib/gcc/arm-none-eabi/13.3.1/../../../../arm-none-eabi/lib/thumb/v7e-m+fp/hard\libc_nano.a(libc_a-findfp.o)
 .text.__sfp_lock_acquire
                0x0800d7a4        0xc C:/ST/STM32CubeIDE_1.19.0/STM32CubeIDE/plugins/com.st.stm32cube.ide.mcu.externaltools.gnu-tools-for-stm32.13.3.rel1.win32_1.0.0.202411081344/tools/bin/../lib/gcc/arm-none-eabi/13.3.1/../../../../arm-none-eabi/lib/thumb/v7e-m+fp/hard\libc_nano.a(libc_a-findfp.o)
                0x0800d7a4                __sfp_lock_acquire
 .text.__sfp_lock_release
                0x0800d7b0        0xc C:/ST/STM32CubeIDE_1.19.0/STM32CubeIDE/plugins/com.st.stm32cube.ide.mcu.externaltools.gnu-tools-for-stm32.13.3.rel1.win32_1.0.0.202411081344/tools/bin/../lib/gcc/arm-none-eabi/13.3.1/../../../../arm-none-eabi/lib/thumb/v7e-m+fp/hard\libc_nano.a(libc_a-findfp.o)
                0x0800d7b0                __sfp_lock_release
 .text.__sinit  0x0800d7bc       0x30 C:/ST/STM32CubeIDE_1.19.0/STM32CubeIDE/plugins/com.st.stm32cube.ide.mcu.externaltools.gnu-tools-for-stm32.13.3.rel1.win32_1.0.0.202411081344/tools/bin/../lib/gcc/arm-none-eabi/13.3.1/../../../../arm-none-eabi/lib/thumb/v7e-m+fp/hard\libc_nano.a(libc_a-findfp.o)
                0x0800d7bc                __sinit
 .text._fwalk_sglue
                0x0800d7ec       0x3c C:/ST/STM32CubeIDE_1.19.0/STM32CubeIDE/plugins/com.st.stm32cube.ide.mcu.externaltools.gnu-tools-for-stm32.13.3.rel1.win32_1.0.0.202411081344/tools/bin/../lib/gcc/arm-none-eabi/13.3.1/../../../../arm-none-eabi/lib/thumb/v7e-m+fp/hard\libc_nano.a(libc_a-fwalk.o)
                0x0800d7ec                _fwalk_sglue
 .text.snprintf
                0x0800d828       0x6c C:/ST/STM32CubeIDE_1.19.0/STM32CubeIDE/plugins/com.st.stm32cube.ide.mcu.externaltools.gnu-tools-for-stm32.13.3.rel1.win32_1.0.0.202411081344/tools/bin/../lib/gcc/arm-none-eabi/13.3.1/../../../../arm-none-eabi/lib/thumb/v7e-m+fp/hard\libc_nano.a(libc_a-snprintf.o)
                0x0800d828                sniprintf
                0x0800d828                snprintf
 .text.__sread  0x0800d894       0x22 C:/ST/STM32CubeIDE_1.19.0/STM32CubeIDE/plugins/com.st.stm32cube.ide.mcu.externaltools.gnu-tools-for-stm32.13.3.rel1.win32_1.0.0.202411081344/tools/bin/../lib/gcc/arm-none-eabi/13.3.1/../../../../arm-none-eabi/lib/thumb/v7e-m+fp/hard\libc_nano.a(libc_a-stdio.o)
                0x0800d894                __sread
 .text.__swrite
                0x0800d8b6       0x38 C:/ST/STM32CubeIDE_1.19.0/STM32CubeIDE/plugins/com.st.stm32cube.ide.mcu.externaltools.gnu-tools-for-stm32.13.3.rel1.win32_1.0.0.202411081344/tools/bin/../lib/gcc/arm-none-eabi/13.3.1/../../../../arm-none-eabi/lib/thumb/v7e-m+fp/hard\libc_nano.a(libc_a-stdio.o)
                0x0800d8b6                __swrite
 .text.__sseek  0x0800d8ee       0x24 C:/ST/STM32CubeIDE_1.19.0/STM32CubeIDE/plugins/com.st.stm32cube.ide.mcu.externaltools.gnu-tools-for-stm32.13.3.rel1.win32_1.0.0.202411081344/tools/bin/../lib/gcc/arm-none-eabi/13.3.1/../../../../arm-none-eabi/lib/thumb/v7e-m+fp/hard\libc_nano.a(libc_a-stdio.o)
                0x0800d8ee                __sseek
 .text.__sclose
                0x0800d912        0x8 C:/ST/STM32CubeIDE_1.19.0/STM32CubeIDE/plugins/com.st.stm32cube.ide.mcu.externaltools.gnu-tools-for-stm32.13.3.rel1.win32_1.0.0.202411081344/tools/bin/../lib/gcc/arm-none-eabi/13.3.1/../../../../arm-none-eabi/lib/thumb/v7e-m+fp/hard\libc_nano.a(libc_a-stdio.o)
                0x0800d912                __sclose
 .text.memset   0x0800d91a       0x10 C:/ST/STM32CubeIDE_1.19.0/STM32CubeIDE/plugins/com.st.stm32cube.ide.mcu.externaltools.gnu-tools-for-stm32.13.3.rel1.win32_1.0.0.202411081344/tools/bin/../lib/gcc/arm-none-eabi/13.3.1/../../../../arm-none-eabi/lib/thumb/v7e-m+fp/hard\libc_nano.a(libc_a-memset.o)
                0x0800d91a                memset
 *fill*         0x0800d92a        0x2 
 .text._localeconv_r
                0x0800d92c        0x8 C:/ST/STM32CubeIDE_1.19.0/STM32CubeIDE/plugins/com.st.stm32cube.ide.mcu.externaltools.gnu-tools-for-stm32.13.3.rel1.win32_1.0.0.202411081344/tools/bin/../lib/gcc/arm-none-eabi/13.3.1/../../../../arm-none-eabi/lib/thumb/v7e-m+fp/hard\libc_nano.a(libc_a-localeconv.o)
                0x0800d92c                _localeconv_r
 .text._close_r
                0x0800d934       0x20 C:/ST/STM32CubeIDE_1.19.0/STM32CubeIDE/plugins/com.st.stm32cube.ide.mcu.externaltools.gnu-tools-for-stm32.13.3.rel1.win32_1.0.0.202411081344/tools/bin/../lib/gcc/arm-none-eabi/13.3.1/../../../../arm-none-eabi/lib/thumb/v7e-m+fp/hard\libc_nano.a(libc_a-closer.o)
                0x0800d934                _close_r
 .text._lseek_r
                0x0800d954       0x24 C:/ST/STM32CubeIDE_1.19.0/STM32CubeIDE/plugins/com.st.stm32cube.ide.mcu.externaltools.gnu-tools-for-stm32.13.3.rel1.win32_1.0.0.202411081344/tools/bin/../lib/gcc/arm-none-eabi/13.3.1/../../../../arm-none-eabi/lib/thumb/v7e-m+fp/hard\libc_nano.a(libc_a-lseekr.o)
                0x0800d954                _lseek_r
 .text._read_r  0x0800d978       0x24 C:/ST/STM32CubeIDE_1.19.0/STM32CubeIDE/plugins/com.st.stm32cube.ide.mcu.externaltools.gnu-tools-for-stm32.13.3.rel1.win32_1.0.0.202411081344/tools/bin/../lib/gcc/arm-none-eabi/13.3.1/../../../../arm-none-eabi/lib/thumb/v7e-m+fp/hard\libc_nano.a(libc_a-readr.o)
                0x0800d978                _read_r
 .text._write_r
                0x0800d99c       0x24 C:/ST/STM32CubeIDE_1.19.0/STM32CubeIDE/plugins/com.st.stm32cube.ide.mcu.externaltools.gnu-tools-for-stm32.13.3.rel1.win32_1.0.0.202411081344/tools/bin/../lib/gcc/arm-none-eabi/13.3.1/../../../../arm-none-eabi/lib/thumb/v7e-m+fp/hard\libc_nano.a(libc_a-writer.o)
                0x0800d99c                _write_r
 .text.__errno  0x0800d9c0        0xc C:/ST/STM32CubeIDE_1.19.0/STM32CubeIDE/plugins/com.st.stm32cube.ide.mcu.externaltools.gnu-tools-for-stm32.13.3.rel1.win32_1.0.0.202411081344/tools/bin/../lib/gcc/arm-none-eabi/13.3.1/../../../../arm-none-eabi/lib/thumb/v7e-m+fp/hard\libc_nano.a(libc_a-errno.o)
                0x0800d9c0                __errno
 .text.__libc_init_array
                0x0800d9cc       0x48 C:/ST/STM32CubeIDE_1.19.0/STM32CubeIDE/plugins/com.st.stm32cube.ide.mcu.externaltools.gnu-tools-for-stm32.13.3.rel1.win32_1.0.0.202411081344/tools/bin/../lib/gcc/arm-none-eabi/13.3.1/../../../../arm-none-eabi/lib/thumb/v7e-m+fp/hard\libc_nano.a(libc_a-init.o)
                0x0800d9cc                __libc_init_array
 .text.__retarget_lock_init_recursive
                0x0800da14        0x2 C:/ST/STM32CubeIDE_1.19.0/STM32CubeIDE/plugins/com.st.stm32cube.ide.mcu.externaltools.gnu-tools-for-stm32.13.3.rel1.win32_1.0.0.202411081344/tools/bin/../lib/gcc/arm-none-eabi/13.3.1/../../../../arm-none-eabi/lib/thumb/v7e-m+fp/hard\libc_nano.a(libc_a-lock.o)
                0x0800da14                __retarget_lock_init_recursive
 .text.__retarget_lock_acquire_recursive
                0x0800da16        0x2 C:/ST/STM32CubeIDE_1.19.0/STM32CubeIDE/plugins/com.st.stm32cube.ide.mcu.externaltools.gnu-tools-for-stm32.13.3.rel1.win32_1.0.0.202411081344/tools/bin/../lib/gcc/arm-none-eabi/13.3.1/../../../../arm-none-eabi/lib/thumb/v7e-m+fp/hard\libc_nano.a(libc_a-lock.o)
                0x0800da16                __retarget_lock_acquire_recursive
 .text.__retarget_lock_release_recursive
                0x0800da18        0x2 C:/ST/STM32CubeIDE_1.19.0/STM32CubeIDE/plugins/com.st.stm32cube.ide.mcu.externaltools.gnu-tools-for-stm32.13.3.rel1.win32_1.0.0.202411081344/tools/bin/../lib/gcc/arm-none-eabi/13.3.1/../../../../arm-none-eabi/lib/thumb/v7e-m+fp/hard\libc_nano.a(libc_a-lock.o)
                0x0800da18                __retarget_lock_release_recursive
 .text.memcpy   0x0800da1a       0x1c C:/ST/STM32CubeIDE_1.19.0/STM32CubeIDE/plugins/com.st.stm32cube.ide.mcu.externaltools.gnu-tools-for-stm32.13.3.rel1.win32_1.0.0.202411081344/tools/bin/../lib/gcc/arm-none-eabi/13.3.1/../../../../arm-none-eabi/lib/thumb/v7e-m+fp/hard\libc_nano.a(libc_a-memcpy-stub.o)
                0x0800da1a                memcpy
 .text.quorem   0x0800da36      0x110 C:/ST/STM32CubeIDE_1.19.0/STM32CubeIDE/plugins/com.st.stm32cube.ide.mcu.externaltools.gnu-tools-for-stm32.13.3.rel1.win32_1.0.0.202411081344/tools/bin/../lib/gcc/arm-none-eabi/13.3.1/../../../../arm-none-eabi/lib/thumb/v7e-m+fp/hard\libc_nano.a(libc_a-dtoa.o)
 *fill*         0x0800db46        0x2 
 .text._dtoa_r  0x0800db48      0xba0 C:/ST/STM32CubeIDE_1.19.0/STM32CubeIDE/plugins/com.st.stm32cube.ide.mcu.externaltools.gnu-tools-for-stm32.13.3.rel1.win32_1.0.0.202411081344/tools/bin/../lib/gcc/arm-none-eabi/13.3.1/../../../../arm-none-eabi/lib/thumb/v7e-m+fp/hard\libc_nano.a(libc_a-dtoa.o)
                0x0800db48                _dtoa_r
 .text._free_r  0x0800e6e8       0x94 C:/ST/STM32CubeIDE_1.19.0/STM32CubeIDE/plugins/com.st.stm32cube.ide.mcu.externaltools.gnu-tools-for-stm32.13.3.rel1.win32_1.0.0.202411081344/tools/bin/../lib/gcc/arm-none-eabi/13.3.1/../../../../arm-none-eabi/lib/thumb/v7e-m+fp/hard\libc_nano.a(libc_a-freer.o)
                0x0800e6e8                _free_r
 .text.malloc   0x0800e77c       0x10 C:/ST/STM32CubeIDE_1.19.0/STM32CubeIDE/plugins/com.st.stm32cube.ide.mcu.externaltools.gnu-tools-for-stm32.13.3.rel1.win32_1.0.0.202411081344/tools/bin/../lib/gcc/arm-none-eabi/13.3.1/../../../../arm-none-eabi/lib/thumb/v7e-m+fp/hard\libc_nano.a(libc_a-malloc.o)
                0x0800e77c                malloc
 .text.sbrk_aligned
                0x0800e78c       0x44 C:/ST/STM32CubeIDE_1.19.0/STM32CubeIDE/plugins/com.st.stm32cube.ide.mcu.externaltools.gnu-tools-for-stm32.13.3.rel1.win32_1.0.0.202411081344/tools/bin/../lib/gcc/arm-none-eabi/13.3.1/../../../../arm-none-eabi/lib/thumb/v7e-m+fp/hard\libc_nano.a(libc_a-mallocr.o)
 .text._malloc_r
                0x0800e7d0      0x100 C:/ST/STM32CubeIDE_1.19.0/STM32CubeIDE/plugins/com.st.stm32cube.ide.mcu.externaltools.gnu-tools-for-stm32.13.3.rel1.win32_1.0.0.202411081344/tools/bin/../lib/gcc/arm-none-eabi/13.3.1/../../../../arm-none-eabi/lib/thumb/v7e-m+fp/hard\libc_nano.a(libc_a-mallocr.o)
                0x0800e7d0                _malloc_r
 .text.__malloc_lock
                0x0800e8d0        0xc C:/ST/STM32CubeIDE_1.19.0/STM32CubeIDE/plugins/com.st.stm32cube.ide.mcu.externaltools.gnu-tools-for-stm32.13.3.rel1.win32_1.0.0.202411081344/tools/bin/../lib/gcc/arm-none-eabi/13.3.1/../../../../arm-none-eabi/lib/thumb/v7e-m+fp/hard\libc_nano.a(libc_a-mlock.o)
                0x0800e8d0                __malloc_lock
 .text.__malloc_unlock
                0x0800e8dc        0xc C:/ST/STM32CubeIDE_1.19.0/STM32CubeIDE/plugins/com.st.stm32cube.ide.mcu.externaltools.gnu-tools-for-stm32.13.3.rel1.win32_1.0.0.202411081344/tools/bin/../lib/gcc/arm-none-eabi/13.3.1/../../../../arm-none-eabi/lib/thumb/v7e-m+fp/hard\libc_nano.a(libc_a-mlock.o)
                0x0800e8dc                __malloc_unlock
 .text._Balloc  0x0800e8e8       0x80 C:/ST/STM32CubeIDE_1.19.0/STM32CubeIDE/plugins/com.st.stm32cube.ide.mcu.externaltools.gnu-tools-for-stm32.13.3.rel1.win32_1.0.0.202411081344/tools/bin/../lib/gcc/arm-none-eabi/13.3.1/../../../../arm-none-eabi/lib/thumb/v7e-m+fp/hard\libc_nano.a(libc_a-mprec.o)
                0x0800e8e8                _Balloc
 .text._Bfree   0x0800e968       0x44 C:/ST/STM32CubeIDE_1.19.0/STM32CubeIDE/plugins/com.st.stm32cube.ide.mcu.externaltools.gnu-tools-for-stm32.13.3.rel1.win32_1.0.0.202411081344/tools/bin/../lib/gcc/arm-none-eabi/13.3.1/../../../../arm-none-eabi/lib/thumb/v7e-m+fp/hard\libc_nano.a(libc_a-mprec.o)
                0x0800e968                _Bfree
 .text.__multadd
                0x0800e9ac       0x8c C:/ST/STM32CubeIDE_1.19.0/STM32CubeIDE/plugins/com.st.stm32cube.ide.mcu.externaltools.gnu-tools-for-stm32.13.3.rel1.win32_1.0.0.202411081344/tools/bin/../lib/gcc/arm-none-eabi/13.3.1/../../../../arm-none-eabi/lib/thumb/v7e-m+fp/hard\libc_nano.a(libc_a-mprec.o)
                0x0800e9ac                __multadd
 .text.__hi0bits
                0x0800ea38       0x3e C:/ST/STM32CubeIDE_1.19.0/STM32CubeIDE/plugins/com.st.stm32cube.ide.mcu.externaltools.gnu-tools-for-stm32.13.3.rel1.win32_1.0.0.202411081344/tools/bin/../lib/gcc/arm-none-eabi/13.3.1/../../../../arm-none-eabi/lib/thumb/v7e-m+fp/hard\libc_nano.a(libc_a-mprec.o)
                0x0800ea38                __hi0bits
 .text.__lo0bits
                0x0800ea76       0x5a C:/ST/STM32CubeIDE_1.19.0/STM32CubeIDE/plugins/com.st.stm32cube.ide.mcu.externaltools.gnu-tools-for-stm32.13.3.rel1.win32_1.0.0.202411081344/tools/bin/../lib/gcc/arm-none-eabi/13.3.1/../../../../arm-none-eabi/lib/thumb/v7e-m+fp/hard\libc_nano.a(libc_a-mprec.o)
                0x0800ea76                __lo0bits
 .text.__i2b    0x0800ead0       0x2c C:/ST/STM32CubeIDE_1.19.0/STM32CubeIDE/plugins/com.st.stm32cube.ide.mcu.externaltools.gnu-tools-for-stm32.13.3.rel1.win32_1.0.0.202411081344/tools/bin/../lib/gcc/arm-none-eabi/13.3.1/../../../../arm-none-eabi/lib/thumb/v7e-m+fp/hard\libc_nano.a(libc_a-mprec.o)
                0x0800ead0                __i2b
 .text.__multiply
                0x0800eafc      0x144 C:/ST/STM32CubeIDE_1.19.0/STM32CubeIDE/plugins/com.st.stm32cube.ide.mcu.externaltools.gnu-tools-for-stm32.13.3.rel1.win32_1.0.0.202411081344/tools/bin/../lib/gcc/arm-none-eabi/13.3.1/../../../../arm-none-eabi/lib/thumb/v7e-m+fp/hard\libc_nano.a(libc_a-mprec.o)
                0x0800eafc                __multiply
 .text.__pow5mult
                0x0800ec40       0xb4 C:/ST/STM32CubeIDE_1.19.0/STM32CubeIDE/plugins/com.st.stm32cube.ide.mcu.externaltools.gnu-tools-for-stm32.13.3.rel1.win32_1.0.0.202411081344/tools/bin/../lib/gcc/arm-none-eabi/13.3.1/../../../../arm-none-eabi/lib/thumb/v7e-m+fp/hard\libc_nano.a(libc_a-mprec.o)
                0x0800ec40                __pow5mult
 .text.__lshift
                0x0800ecf4       0xd8 C:/ST/STM32CubeIDE_1.19.0/STM32CubeIDE/plugins/com.st.stm32cube.ide.mcu.externaltools.gnu-tools-for-stm32.13.3.rel1.win32_1.0.0.202411081344/tools/bin/../lib/gcc/arm-none-eabi/13.3.1/../../../../arm-none-eabi/lib/thumb/v7e-m+fp/hard\libc_nano.a(libc_a-mprec.o)
                0x0800ecf4                __lshift
 .text.__mcmp   0x0800edcc       0x36 C:/ST/STM32CubeIDE_1.19.0/STM32CubeIDE/plugins/com.st.stm32cube.ide.mcu.externaltools.gnu-tools-for-stm32.13.3.rel1.win32_1.0.0.202411081344/tools/bin/../lib/gcc/arm-none-eabi/13.3.1/../../../../arm-none-eabi/lib/thumb/v7e-m+fp/hard\libc_nano.a(libc_a-mprec.o)
                0x0800edcc                __mcmp
 *fill*         0x0800ee02        0x2 
 .text.__mdiff  0x0800ee04      0x128 C:/ST/STM32CubeIDE_1.19.0/STM32CubeIDE/plugins/com.st.stm32cube.ide.mcu.externaltools.gnu-tools-for-stm32.13.3.rel1.win32_1.0.0.202411081344/tools/bin/../lib/gcc/arm-none-eabi/13.3.1/../../../../arm-none-eabi/lib/thumb/v7e-m+fp/hard\libc_nano.a(libc_a-mprec.o)
                0x0800ee04                __mdiff
 .text.__d2b    0x0800ef2c       0xb0 C:/ST/STM32CubeIDE_1.19.0/STM32CubeIDE/plugins/com.st.stm32cube.ide.mcu.externaltools.gnu-tools-for-stm32.13.3.rel1.win32_1.0.0.202411081344/tools/bin/../lib/gcc/arm-none-eabi/13.3.1/../../../../arm-none-eabi/lib/thumb/v7e-m+fp/hard\libc_nano.a(libc_a-mprec.o)
                0x0800ef2c                __d2b
 .text.__ssputs_r
                0x0800efdc       0xb6 C:/ST/STM32CubeIDE_1.19.0/STM32CubeIDE/plugins/com.st.stm32cube.ide.mcu.externaltools.gnu-tools-for-stm32.13.3.rel1.win32_1.0.0.202411081344/tools/bin/../lib/gcc/arm-none-eabi/13.3.1/../../../../arm-none-eabi/lib/thumb/v7e-m+fp/hard\libc_nano.a(libc_a-nano-svfprintf.o)
                0x0800efdc                __ssputs_r
 *fill*         0x0800f092        0x2 
 .text._svfprintf_r
                0x0800f094      0x1f8 C:/ST/STM32CubeIDE_1.19.0/STM32CubeIDE/plugins/com.st.stm32cube.ide.mcu.externaltools.gnu-tools-for-stm32.13.3.rel1.win32_1.0.0.202411081344/tools/bin/../lib/gcc/arm-none-eabi/13.3.1/../../../../arm-none-eabi/lib/thumb/v7e-m+fp/hard\libc_nano.a(libc_a-nano-svfprintf.o)
                0x0800f094                _svfiprintf_r
                0x0800f094                _svfprintf_r
 .text.__sflush_r
                0x0800f28c      0x108 C:/ST/STM32CubeIDE_1.19.0/STM32CubeIDE/plugins/com.st.stm32cube.ide.mcu.externaltools.gnu-tools-for-stm32.13.3.rel1.win32_1.0.0.202411081344/tools/bin/../lib/gcc/arm-none-eabi/13.3.1/../../../../arm-none-eabi/lib/thumb/v7e-m+fp/hard\libc_nano.a(libc_a-fflush.o)
                0x0800f28c                __sflush_r
 .text._fflush_r
                0x0800f394       0x50 C:/ST/STM32CubeIDE_1.19.0/STM32CubeIDE/plugins/com.st.stm32cube.ide.mcu.externaltools.gnu-tools-for-stm32.13.3.rel1.win32_1.0.0.202411081344/tools/bin/../lib/gcc/arm-none-eabi/13.3.1/../../../../arm-none-eabi/lib/thumb/v7e-m+fp/hard\libc_nano.a(libc_a-fflush.o)
                0x0800f394                _fflush_r
 .text.memmove  0x0800f3e4       0x34 C:/ST/STM32CubeIDE_1.19.0/STM32CubeIDE/plugins/com.st.stm32cube.ide.mcu.externaltools.gnu-tools-for-stm32.13.3.rel1.win32_1.0.0.202411081344/tools/bin/../lib/gcc/arm-none-eabi/13.3.1/../../../../arm-none-eabi/lib/thumb/v7e-m+fp/hard\libc_nano.a(libc_a-memmove.o)
                0x0800f3e4                memmove
 .text._sbrk_r  0x0800f418       0x20 C:/ST/STM32CubeIDE_1.19.0/STM32CubeIDE/plugins/com.st.stm32cube.ide.mcu.externaltools.gnu-tools-for-stm32.13.3.rel1.win32_1.0.0.202411081344/tools/bin/../lib/gcc/arm-none-eabi/13.3.1/../../../../arm-none-eabi/lib/thumb/v7e-m+fp/hard\libc_nano.a(libc_a-sbrkr.o)
                0x0800f418                _sbrk_r
 .text.__assert_func
                0x0800f438       0x3c C:/ST/STM32CubeIDE_1.19.0/STM32CubeIDE/plugins/com.st.stm32cube.ide.mcu.externaltools.gnu-tools-for-stm32.13.3.rel1.win32_1.0.0.202411081344/tools/bin/../lib/gcc/arm-none-eabi/13.3.1/../../../../arm-none-eabi/lib/thumb/v7e-m+fp/hard\libc_nano.a(libc_a-assert.o)
                0x0800f438                __assert_func
 .text._calloc_r
                0x0800f474       0x28 C:/ST/STM32CubeIDE_1.19.0/STM32CubeIDE/plugins/com.st.stm32cube.ide.mcu.externaltools.gnu-tools-for-stm32.13.3.rel1.win32_1.0.0.202411081344/tools/bin/../lib/gcc/arm-none-eabi/13.3.1/../../../../arm-none-eabi/lib/thumb/v7e-m+fp/hard\libc_nano.a(libc_a-callocr.o)
                0x0800f474                _calloc_r
 .text.__ascii_mbtowc
                0x0800f49c       0x24 C:/ST/STM32CubeIDE_1.19.0/STM32CubeIDE/plugins/com.st.stm32cube.ide.mcu.externaltools.gnu-tools-for-stm32.13.3.rel1.win32_1.0.0.202411081344/tools/bin/../lib/gcc/arm-none-eabi/13.3.1/../../../../arm-none-eabi/lib/thumb/v7e-m+fp/hard\libc_nano.a(libc_a-mbtowc_r.o)
                0x0800f49c                __ascii_mbtowc
 .text._realloc_r
                0x0800f4c0       0x5c C:/ST/STM32CubeIDE_1.19.0/STM32CubeIDE/plugins/com.st.stm32cube.ide.mcu.externaltools.gnu-tools-for-stm32.13.3.rel1.win32_1.0.0.202411081344/tools/bin/../lib/gcc/arm-none-eabi/13.3.1/../../../../arm-none-eabi/lib/thumb/v7e-m+fp/hard\libc_nano.a(libc_a-reallocr.o)
                0x0800f4c0                _realloc_r
 .text.__ascii_wctomb
                0x0800f51c       0x1a C:/ST/STM32CubeIDE_1.19.0/STM32CubeIDE/plugins/com.st.stm32cube.ide.mcu.externaltools.gnu-tools-for-stm32.13.3.rel1.win32_1.0.0.202411081344/tools/bin/../lib/gcc/arm-none-eabi/13.3.1/../../../../arm-none-eabi/lib/thumb/v7e-m+fp/hard\libc_nano.a(libc_a-wctomb_r.o)
                0x0800f51c                __ascii_wctomb
 *fill*         0x0800f536        0x2 
 .text.fprintf  0x0800f538       0x24 C:/ST/STM32CubeIDE_1.19.0/STM32CubeIDE/plugins/com.st.stm32cube.ide.mcu.externaltools.gnu-tools-for-stm32.13.3.rel1.win32_1.0.0.202411081344/tools/bin/../lib/gcc/arm-none-eabi/13.3.1/../../../../arm-none-eabi/lib/thumb/v7e-m+fp/hard\libc_nano.a(libc_a-fprintf.o)
                0x0800f538                fiprintf
                0x0800f538                fprintf
 .text.abort    0x0800f55c        0xe C:/ST/STM32CubeIDE_1.19.0/STM32CubeIDE/plugins/com.st.stm32cube.ide.mcu.externaltools.gnu-tools-for-stm32.13.3.rel1.win32_1.0.0.202411081344/tools/bin/../lib/gcc/arm-none-eabi/13.3.1/../../../../arm-none-eabi/lib/thumb/v7e-m+fp/hard\libc_nano.a(libc_a-abort.o)
                0x0800f55c                abort
 .text._malloc_usable_size_r
                0x0800f56a       0x10 C:/ST/STM32CubeIDE_1.19.0/STM32CubeIDE/plugins/com.st.stm32cube.ide.mcu.externaltools.gnu-tools-for-stm32.13.3.rel1.win32_1.0.0.202411081344/tools/bin/../lib/gcc/arm-none-eabi/13.3.1/../../../../arm-none-eabi/lib/thumb/v7e-m+fp/hard\libc_nano.a(libc_a-msizer.o)
                0x0800f56a                _malloc_usable_size_r
 .text.__sfputc_r
                0x0800f57a       0x2e C:/ST/STM32CubeIDE_1.19.0/STM32CubeIDE/plugins/com.st.stm32cube.ide.mcu.externaltools.gnu-tools-for-stm32.13.3.rel1.win32_1.0.0.202411081344/tools/bin/../lib/gcc/arm-none-eabi/13.3.1/../../../../arm-none-eabi/lib/thumb/v7e-m+fp/hard\libc_nano.a(libc_a-nano-vfprintf.o)
 .text.__sfputs_r
                0x0800f5a8       0x24 C:/ST/STM32CubeIDE_1.19.0/STM32CubeIDE/plugins/com.st.stm32cube.ide.mcu.externaltools.gnu-tools-for-stm32.13.3.rel1.win32_1.0.0.202411081344/tools/bin/../lib/gcc/arm-none-eabi/13.3.1/../../../../arm-none-eabi/lib/thumb/v7e-m+fp/hard\libc_nano.a(libc_a-nano-vfprintf.o)
                0x0800f5a8                __sfputs_r
 .text._vfprintf_r
                0x0800f5cc      0x230 C:/ST/STM32CubeIDE_1.19.0/STM32CubeIDE/plugins/com.st.stm32cube.ide.mcu.externaltools.gnu-tools-for-stm32.13.3.rel1.win32_1.0.0.202411081344/tools/bin/../lib/gcc/arm-none-eabi/13.3.1/../../../../arm-none-eabi/lib/thumb/v7e-m+fp/hard\libc_nano.a(libc_a-nano-vfprintf.o)
                0x0800f5cc                _vfprintf_r
                0x0800f5cc                _vfiprintf_r
 .text.__swbuf_r
                0x0800f7fc       0x7c C:/ST/STM32CubeIDE_1.19.0/STM32CubeIDE/plugins/com.st.stm32cube.ide.mcu.externaltools.gnu-tools-for-stm32.13.3.rel1.win32_1.0.0.202411081344/tools/bin/../lib/gcc/arm-none-eabi/13.3.1/../../../../arm-none-eabi/lib/thumb/v7e-m+fp/hard\libc_nano.a(libc_a-wbuf.o)
                0x0800f7fc                __swbuf_r
 .text.__swsetup_r
                0x0800f878       0xac C:/ST/STM32CubeIDE_1.19.0/STM32CubeIDE/plugins/com.st.stm32cube.ide.mcu.externaltools.gnu-tools-for-stm32.13.3.rel1.win32_1.0.0.202411081344/tools/bin/../lib/gcc/arm-none-eabi/13.3.1/../../../../arm-none-eabi/lib/thumb/v7e-m+fp/hard\libc_nano.a(libc_a-wsetup.o)
                0x0800f878                __swsetup_r
 .text._raise_r
                0x0800f924       0x50 C:/ST/STM32CubeIDE_1.19.0/STM32CubeIDE/plugins/com.st.stm32cube.ide.mcu.externaltools.gnu-tools-for-stm32.13.3.rel1.win32_1.0.0.202411081344/tools/bin/../lib/gcc/arm-none-eabi/13.3.1/../../../../arm-none-eabi/lib/thumb/v7e-m+fp/hard\libc_nano.a(libc_a-signal.o)
                0x0800f924                _raise_r
 .text.raise    0x0800f974       0x10 C:/ST/STM32CubeIDE_1.19.0/STM32CubeIDE/plugins/com.st.stm32cube.ide.mcu.externaltools.gnu-tools-for-stm32.13.3.rel1.win32_1.0.0.202411081344/tools/bin/../lib/gcc/arm-none-eabi/13.3.1/../../../../arm-none-eabi/lib/thumb/v7e-m+fp/hard\libc_nano.a(libc_a-signal.o)
                0x0800f974                raise
 .text._kill_r  0x0800f984       0x24 C:/ST/STM32CubeIDE_1.19.0/STM32CubeIDE/plugins/com.st.stm32cube.ide.mcu.externaltools.gnu-tools-for-stm32.13.3.rel1.win32_1.0.0.202411081344/tools/bin/../lib/gcc/arm-none-eabi/13.3.1/../../../../arm-none-eabi/lib/thumb/v7e-m+fp/hard\libc_nano.a(libc_a-signalr.o)
                0x0800f984                _kill_r
 .text._getpid_r
                0x0800f9a8        0x4 C:/ST/STM32CubeIDE_1.19.0/STM32CubeIDE/plugins/com.st.stm32cube.ide.mcu.externaltools.gnu-tools-for-stm32.13.3.rel1.win32_1.0.0.202411081344/tools/bin/../lib/gcc/arm-none-eabi/13.3.1/../../../../arm-none-eabi/lib/thumb/v7e-m+fp/hard\libc_nano.a(libc_a-signalr.o)
                0x0800f9a8                _getpid_r
 .text.__swhatbuf_r
                0x0800f9ac       0x4c C:/ST/STM32CubeIDE_1.19.0/STM32CubeIDE/plugins/com.st.stm32cube.ide.mcu.externaltools.gnu-tools-for-stm32.13.3.rel1.win32_1.0.0.202411081344/tools/bin/../lib/gcc/arm-none-eabi/13.3.1/../../../../arm-none-eabi/lib/thumb/v7e-m+fp/hard\libc_nano.a(libc_a-makebuf.o)
                0x0800f9ac                __swhatbuf_r
 .text.__smakebuf_r
                0x0800f9f8       0x78 C:/ST/STM32CubeIDE_1.19.0/STM32CubeIDE/plugins/com.st.stm32cube.ide.mcu.externaltools.gnu-tools-for-stm32.13.3.rel1.win32_1.0.0.202411081344/tools/bin/../lib/gcc/arm-none-eabi/13.3.1/../../../../arm-none-eabi/lib/thumb/v7e-m+fp/hard\libc_nano.a(libc_a-makebuf.o)
                0x0800f9f8                __smakebuf_r
 .text._fstat_r
                0x0800fa70       0x24 C:/ST/STM32CubeIDE_1.19.0/STM32CubeIDE/plugins/com.st.stm32cube.ide.mcu.externaltools.gnu-tools-for-stm32.13.3.rel1.win32_1.0.0.202411081344/tools/bin/../lib/gcc/arm-none-eabi/13.3.1/../../../../arm-none-eabi/lib/thumb/v7e-m+fp/hard\libc_nano.a(libc_a-fstatr.o)
                0x0800fa70                _fstat_r
 .text._isatty_r
                0x0800fa94       0x20 C:/ST/STM32CubeIDE_1.19.0/STM32CubeIDE/plugins/com.st.stm32cube.ide.mcu.externaltools.gnu-tools-for-stm32.13.3.rel1.win32_1.0.0.202411081344/tools/bin/../lib/gcc/arm-none-eabi/13.3.1/../../../../arm-none-eabi/lib/thumb/v7e-m+fp/hard\libc_nano.a(libc_a-isattyr.o)
                0x0800fa94                _isatty_r
 .text.asinf    0x0800fab4       0x58 C:/ST/STM32CubeIDE_1.19.0/STM32CubeIDE/plugins/com.st.stm32cube.ide.mcu.externaltools.gnu-tools-for-stm32.13.3.rel1.win32_1.0.0.202411081344/tools/bin/../lib/gcc/arm-none-eabi/13.3.1/../../../../arm-none-eabi/lib/thumb/v7e-m+fp/hard\libm.a(libm_a-wf_asin.o)
                0x0800fab4                asinf
 .text.atan2f   0x0800fb0c        0x4 C:/ST/STM32CubeIDE_1.19.0/STM32CubeIDE/plugins/com.st.stm32cube.ide.mcu.externaltools.gnu-tools-for-stm32.13.3.rel1.win32_1.0.0.202411081344/tools/bin/../lib/gcc/arm-none-eabi/13.3.1/../../../../arm-none-eabi/lib/thumb/v7e-m+fp/hard\libm.a(libm_a-wf_atan2.o)
                0x0800fb0c                atan2f
 .text.sqrtf    0x0800fb10       0x3c C:/ST/STM32CubeIDE_1.19.0/STM32CubeIDE/plugins/com.st.stm32cube.ide.mcu.externaltools.gnu-tools-for-stm32.13.3.rel1.win32_1.0.0.202411081344/tools/bin/../lib/gcc/arm-none-eabi/13.3.1/../../../../arm-none-eabi/lib/thumb/v7e-m+fp/hard\libm.a(libm_a-wf_sqrt.o)
                0x0800fb10                sqrtf
 .text.fabsf    0x0800fb4c        0xe C:/ST/STM32CubeIDE_1.19.0/STM32CubeIDE/plugins/com.st.stm32cube.ide.mcu.externaltools.gnu-tools-for-stm32.13.3.rel1.win32_1.0.0.202411081344/tools/bin/../lib/gcc/arm-none-eabi/13.3.1/../../../../arm-none-eabi/lib/thumb/v7e-m+fp/hard\libm.a(libm_a-sf_fabs.o)
                0x0800fb4c                fabsf
 *fill*         0x0800fb5a        0x2 
 .text.nanf     0x0800fb5c        0xc C:/ST/STM32CubeIDE_1.19.0/STM32CubeIDE/plugins/com.st.stm32cube.ide.mcu.externaltools.gnu-tools-for-stm32.13.3.rel1.win32_1.0.0.202411081344/tools/bin/../lib/gcc/arm-none-eabi/13.3.1/../../../../arm-none-eabi/lib/thumb/v7e-m+fp/hard\libm.a(libm_a-sf_nan.o)
                0x0800fb5c                nanf
 .text.__ieee754_sqrtf
                0x0800fb68        0x6 C:/ST/STM32CubeIDE_1.19.0/STM32CubeIDE/plugins/com.st.stm32cube.ide.mcu.externaltools.gnu-tools-for-stm32.13.3.rel1.win32_1.0.0.202411081344/tools/bin/../lib/gcc/arm-none-eabi/13.3.1/../../../../arm-none-eabi/lib/thumb/v7e-m+fp/hard\libm.a(libm_a-ef_sqrt.o)
                0x0800fb68                __ieee754_sqrtf
 *fill*         0x0800fb6e        0x2 
 .text.__ieee754_asinf
                0x0800fb70      0x1c8 C:/ST/STM32CubeIDE_1.19.0/STM32CubeIDE/plugins/com.st.stm32cube.ide.mcu.externaltools.gnu-tools-for-stm32.13.3.rel1.win32_1.0.0.202411081344/tools/bin/../lib/gcc/arm-none-eabi/13.3.1/../../../../arm-none-eabi/lib/thumb/v7e-m+fp/hard\libm.a(libm_a-ef_asin.o)
                0x0800fb70                __ieee754_asinf
 .text.__ieee754_atan2f
                0x0800fd38      0x140 C:/ST/STM32CubeIDE_1.19.0/STM32CubeIDE/plugins/com.st.stm32cube.ide.mcu.externaltools.gnu-tools-for-stm32.13.3.rel1.win32_1.0.0.202411081344/tools/bin/../lib/gcc/arm-none-eabi/13.3.1/../../../../arm-none-eabi/lib/thumb/v7e-m+fp/hard\libm.a(libm_a-ef_atan2.o)
                0x0800fd38                __ieee754_atan2f
 .text.atanf    0x0800fe78      0x1a8 C:/ST/STM32CubeIDE_1.19.0/STM32CubeIDE/plugins/com.st.stm32cube.ide.mcu.externaltools.gnu-tools-for-stm32.13.3.rel1.win32_1.0.0.202411081344/tools/bin/../lib/gcc/arm-none-eabi/13.3.1/../../../../arm-none-eabi/lib/thumb/v7e-m+fp/hard\libm.a(libm_a-sf_atan.o)
                0x0800fe78                atanf
 *(.glue_7)
 .glue_7        0x08010020        0x0 linker stubs
 *(.glue_7t)
 .glue_7t       0x08010020        0x0 linker stubs
 *(.eh_frame)
 .eh_frame      0x08010020        0x0 C:/ST/STM32CubeIDE_1.19.0/STM32CubeIDE/plugins/com.st.stm32cube.ide.mcu.externaltools.gnu-tools-for-stm32.13.3.rel1.win32_1.0.0.202411081344/tools/bin/../lib/gcc/arm-none-eabi/13.3.1/thumb/v7e-m+fp/hard/crtbegin.o
 *(.init)
 .init          0x08010020        0x4 C:/ST/STM32CubeIDE_1.19.0/STM32CubeIDE/plugins/com.st.stm32cube.ide.mcu.externaltools.gnu-tools-for-stm32.13.3.rel1.win32_1.0.0.202411081344/tools/bin/../lib/gcc/arm-none-eabi/13.3.1/thumb/v7e-m+fp/hard/crti.o
                0x08010020                _init
 .init          0x08010024        0x8 C:/ST/STM32CubeIDE_1.19.0/STM32CubeIDE/plugins/com.st.stm32cube.ide.mcu.externaltools.gnu-tools-for-stm32.13.3.rel1.win32_1.0.0.202411081344/tools/bin/../lib/gcc/arm-none-eabi/13.3.1/thumb/v7e-m+fp/hard/crtn.o
 *(.fini)
 .fini          0x0801002c        0x4 C:/ST/STM32CubeIDE_1.19.0/STM32CubeIDE/plugins/com.st.stm32cube.ide.mcu.externaltools.gnu-tools-for-stm32.13.3.rel1.win32_1.0.0.202411081344/tools/bin/../lib/gcc/arm-none-eabi/13.3.1/thumb/v7e-m+fp/hard/crti.o
                0x0801002c                _fini
 .fini          0x08010030        0x8 C:/ST/STM32CubeIDE_1.19.0/STM32CubeIDE/plugins/com.st.stm32cube.ide.mcu.externaltools.gnu-tools-for-stm32.13.3.rel1.win32_1.0.0.202411081344/tools/bin/../lib/gcc/arm-none-eabi/13.3.1/thumb/v7e-m+fp/hard/crtn.o
                0x08010038                        . = ALIGN (0x4)
                0x08010038                        _etext = .

.vfp11_veneer   0x08010038        0x0
 .vfp11_veneer  0x08010038        0x0 linker stubs

.v4_bx          0x08010038        0x0
 .v4_bx         0x08010038        0x0 linker stubs

.iplt           0x08010038        0x0
 .iplt          0x08010038        0x0 C:/ST/STM32CubeIDE_1.19.0/STM32CubeIDE/plugins/com.st.stm32cube.ide.mcu.externaltools.gnu-tools-for-stm32.13.3.rel1.win32_1.0.0.202411081344/tools/bin/../lib/gcc/arm-none-eabi/13.3.1/thumb/v7e-m+fp/hard/crtbegin.o

.rodata         0x08010038      0x534
                0x08010038                        . = ALIGN (0x4)
 *(.rodata)
 .rodata        0x08010038       0x11 ./Core/Src/EstimatorTask/attitude_estimator_task.o
 *fill*         0x08010049        0x3 
 .rodata        0x0801004c       0xbe ./Core/Src/SensorDriver/BMI088/bmi088_task.o
 *fill*         0x0801010a        0x2 
 .rodata        0x0801010c       0x18 ./Core/Src/SensorDriver/QMC5883/qmc5883.o
 .rodata        0x08010124       0x20 ./Core/Src/main.o
 .rodata        0x08010144        0x5 ./ThirdParty/FreeRTOS/tasks.o
 *(.rodata*)
 *fill*         0x08010149        0x3 
 .rodata.motorChannel
                0x0801014c       0x10 ./Core/Src/Actuator/Actuator.o
 .rodata.mix    0x0801015c       0x40 ./Core/Src/Actuator/Actuator.o
 .rodata.AHBPrescTable
                0x0801019c       0x10 ./Core/Src/system_stm32f4xx.o
                0x0801019c                AHBPrescTable
 .rodata.APBPrescTable
                0x080101ac        0x8 ./Core/Src/system_stm32f4xx.o
                0x080101ac                APBPrescTable
 .rodata.flagBitshiftOffset.0
                0x080101b4        0x8 ./Drivers/STM32F4xx_HAL_Driver/Src/stm32f4xx_hal_dma.o
 .rodata.uxTopUsedPriority